<html>
<body>
<pre>
<h1>礦ision Build Log</h1>
<h2>Tool Versions:</h2>
IDE-Version: μVision V5.22.0.0
Copyright (C) 2016 ARM Ltd and ARM Germany GmbH. All rights reserved.
License Information: hou qz, ruiven, LIC=HN0Z9-4GENM-2L3CT-R6TVB-J4CU7-9WSRB
 
Tool Versions:
Toolchain:       MDK-ARM Plus  Version: 5.22
Toolchain Path:  E:\kv_5\ARM\ARMCC\Bin
C Compiler:      Armcc.exe V5.06 update 4 (build 422)
Assembler:       Armasm.exe V5.06 update 4 (build 422)
Linker/Locator:  ArmLink.exe V5.06 update 4 (build 422)
Library Manager: ArmAr.exe V5.06 update 4 (build 422)
Hex Converter:   FromElf.exe V5.06 update 4 (build 422)
CPU DLL:         SARMCM3.DLL V5.22
Dialog DLL:      DARMCM1.DLL V1.15.0.0
Target DLL:      Segger\JL2CM3.dll V2.99.23.0
Dialog DLL:      TARMCM1.DLL V1.11.0.0
 
<h2>Project:</h2>
C:\ble_bak\A13v16.1026.0245工程\nRF51_SDK_10.0.0_dc26b5e\examples\ble_peripheral\ble_app_multiactivity_beacon\blank_advertiser\pca10028\s110_timeslot\arm5_no_packs\ble_app_blank_advertiser_s110_pca10028_timeslot.uvprojx
Project File Date:  04/09/2018

<h2>Output:</h2>
*** Using Compiler 'V5.06 update 4 (build 422)', folder: 'E:\kv_5\ARM\ARMCC\Bin'
Build target 'nrf51422_xxac_s110_timeslot'
compiling scanner_beacon.c...
compiling user_drv_console.c...
..\..\..\user_drv_console.c(104): warning:  #223-D: function "nrf_delay_ms" declared implicitly
  		nrf_delay_ms(100);
..\..\..\user_drv_console.c(196): warning:  #223-D: function "nrf_delay_ms" declared implicitly
  	nrf_delay_ms(100);
..\..\..\user_drv_console.c(213): warning:  #223-D: function "nrf_delay_ms" declared implicitly
  		nrf_delay_ms(10);
..\..\..\user_drv_console.c(256): warning:  #223-D: function "nrf_delay_ms" declared implicitly
  		nrf_delay_ms(100);
..\..\..\user_drv_console.c(359): warning:  #223-D: function "nrf_delay_ms" declared implicitly
  			nrf_delay_ms(100);
..\..\..\user_drv_console.c(437): warning:  #223-D: function "nrf_delay_ms" declared implicitly
  				nrf_delay_ms(100);
..\..\..\user_drv_console.c(311): warning:  #177-D: function "rui_schedule_save_beacon_sta"  was declared but never referenced
  static void rui_schedule_save_beacon_sta(void * p_event_data, uint16_t event_size)
..\..\..\user_drv_console.c: 7 warnings, 0 errors
compiling main.c...
..\..\..\main.c(176): warning:  #1295-D: Deprecated declaration scanner_start - give arg types
  static void scanner_start();
..\..\..\main.c(187): warning:  #9-D: nested comment is not allowed
  /*
..\..\..\main.c(293): warning:  #223-D: function "nrf_delay_ms" declared implicitly
  	nrf_delay_ms(100);
..\..\..\main.c(501): warning:  #177-D: variable "err_code"  was declared but never referenced
  	uint32_t       err_code;
..\..\..\main.c(537): warning:  #69-D: integer conversion resulted in truncation
  		RTS_PIN_NUMBER,
..\..\..\main.c(538): warning:  #69-D: integer conversion resulted in truncation
  		CTS_PIN_NUMBER,
..\..\..\main.c(641): warning:  #550-D: variable "err_code"  was set but never used
  	uint32_t      err_code;
..\..\..\main.c(1223): warning:  #188-D: enumerated type mixed with another type
  	rfid_init.bitrate        = current_radio_parm.rf_parm.datarate;
..\..\..\main.c(1224): warning:  #188-D: enumerated type mixed with another type
  	rfid_init.crc            = current_radio_parm.rf_parm.crc_mode; 
..\..\..\main.c(1248): warning:  #177-D: variable "err_code"  was declared but never referenced
      uint32_t err_code;
..\..\..\main.c(1249): warning:  #177-D: variable "gap_addr"  was declared but never referenced
  		ble_gap_addr_t gap_addr = {0};	
..\..\..\main.c(1326): warning:  #174-D: expression has no effect
      beacon_init.minor         = m_beacon_save_data.minjor;
EACON_MINOR;
..\..\..\main.c(1317): warning:  #550-D: variable "beacon_uuid"  was set but never used
      static uint8_t beacon_uuid[] = {BEACON_UUID};
..\..\..\main.c(1357): warning:  #223-D: function "nrf_delay_ms" declared implicitly
  			nrf_delay_ms(1000);
..\..\..\main.c(1368): warning:  #111-D: statement is unreachable
  		 if(m_ready_send_mac)
..\..\..\main.c(1507): warning:  #111-D: statement is unreachable
  			
EBUG_PRINT(0,"main loop\r\n");
..\..\..\main.c(149): warning:  #177-D: variable "m_beacon_scanner"  was declared but never referenced
  } m_beacon_scanner;
..\..\..\main.c(700): warning:  #177-D: function "advertising_start"  was declared but never referenced
  static void advertising_start(void)
..\..\..\main.c(732): warning:  #177-D: function "advertising_stop"  was declared but never referenced
  static void advertising_stop(void)
..\..\..\main.c: 19 warnings, 0 errors
linking...
Program Size: Code=20280 RO-data=688 RW-data=460 ZI-data=5420  
FromELF: creating hex file...
".\_build\nrf51422_xxac_s110_timeslot.axf" - 0 Error(s), 26 Warning(s).

<h2>Software Packages used:</h2>

Package Vendor: ARM
                http://www.keil.com/pack/ARM.CMSIS.4.5.0.pack
                ARM::CMSIS:CORE:4.3.0
                CMSIS (Cortex Microcontroller Software Interface Standard)
   * Component: CORE Version: 4.3.0

Package Vendor: NordicSemiconductor
                http://developer.nordicsemi.com/nRF51_SDK/pieces/nRF_DeviceFamilyPack/NordicSemiconductor.nRF_DeviceFamilyPack.8.2.0.pack
                NordicSemiconductor::Device:Startup:8.2.0
                Nordic Semiconductor nRF ARM devices Device Family Pack.
   * Component: Startup Version: 8.2.0

<h2>Collection of Component include folders:</h2>
  C:\ble_bak\A13v16.1026.0245工程\nRF51_SDK_10.0.0_dc26b5e\examples\ble_peripheral\ble_app_multiactivity_beacon\blank_advertiser\pca10028\s110_timeslot\arm5_no_packs\RTE\_nrf51422_xxac_s110_timeslot
  E:\kv_5\ARM\PACK\ARM\CMSIS\4.5.0\CMSIS\Include
  E:\kv_5\ARM\PACK\NordicSemiconductor\nRF_DeviceFamilyPack\8.2.0\Device\Include
  E:\kv_5\ARM\PACK\NordicSemiconductor\nRF_DeviceFamilyPack\8.7.1\Device\Include

<h2>Collection of Component Files used:</h2>

   * Component: ARM::CMSIS:CORE:4.3.0

   * Component: NordicSemiconductor::Device:Startup:8.2.0
      Source file:   Device\Source\system_nrf51.c
      Include file:  Device\Include\system_nrf51.h
      Source file:   Device\Source\arm\arm_startup_nrf51.s
Build Time Elapsed:  00:00:01
</pre>
</body>
</html>
