Component: ARM Compiler 5.06 update 4 (build 422) Tool: armlink [4d35d2]

==============================================================================

Section Cross References

    advertiser_beacon_timeslot.o(i.app_rfid_init) refers to memmovea.o(.text) for __aeabi_memcpy
    advertiser_beacon_timeslot.o(i.app_rfid_init) refers to advertiser_beacon_timeslot.o(.bss) for .bss
    advertiser_beacon_timeslot.o(i.app_rfid_on_sys_evt) refers to advertiser_beacon_timeslot.o(i.m_request_earliest) for m_request_earliest
    advertiser_beacon_timeslot.o(i.app_rfid_on_sys_evt) refers to advertiser_beacon_timeslot.o(.bss) for .bss
    advertiser_beacon_timeslot.o(i.app_rfid_start) refers to advertiser_beacon_timeslot.o(i.m_request_earliest) for m_request_earliest
    advertiser_beacon_timeslot.o(i.app_rfid_start) refers to advertiser_beacon_timeslot.o(.bss) for .bss
    advertiser_beacon_timeslot.o(i.app_rfid_start) refers to advertiser_beacon_timeslot.o(i.m_timeslot_callback) for m_timeslot_callback
    advertiser_beacon_timeslot.o(i.app_rfid_stop) refers to advertiser_beacon_timeslot.o(.bss) for .bss
    advertiser_beacon_timeslot.o(i.m_configure_next_event) refers to advertiser_beacon_timeslot.o(.bss) for .bss
    advertiser_beacon_timeslot.o(i.m_configure_rfid) refers to advertiser_beacon_timeslot.o(i.bytewise_bit_swap) for bytewise_bit_swap
    advertiser_beacon_timeslot.o(i.m_configure_rfid) refers to uread4.o(.text) for __aeabi_uread4
    advertiser_beacon_timeslot.o(i.m_configure_rfid) refers to advertiser_beacon_timeslot.o(.bss) for .bss
    advertiser_beacon_timeslot.o(i.m_handle_start) refers to advertiser_beacon_timeslot.o(i.m_configure_rfid) for m_configure_rfid
    advertiser_beacon_timeslot.o(i.m_request_earliest) refers to advertiser_beacon_timeslot.o(.bss) for .bss
    advertiser_beacon_timeslot.o(i.m_timeslot_callback) refers to advertiser_beacon_timeslot.o(i.m_handle_start) for m_handle_start
    advertiser_beacon_timeslot.o(i.m_timeslot_callback) refers to advertiser_beacon_timeslot.o(i.m_handle_radio_disabled) for m_handle_radio_disabled
    advertiser_beacon_timeslot.o(i.m_timeslot_callback) refers to advertiser_beacon_timeslot.o(i.m_configure_next_event) for m_configure_next_event
    advertiser_beacon_timeslot.o(i.m_timeslot_callback) refers to advertiser_beacon_timeslot.o(.data) for .data
    advertiser_beacon_timeslot.o(i.m_timeslot_callback) refers to advertiser_beacon_timeslot.o(.bss) for .bss
    main.o(i.action_uart_disable) refers to main.o(i.nrf_gpio_cfg_default) for nrf_gpio_cfg_default
    main.o(i.advertising_init) refers to memseta.o(.text) for __aeabi_memclr4
    main.o(i.advertising_init) refers to advertiser_ibeacon.o(i.app_beacon_get_manuf_data) for app_beacon_get_manuf_data
    main.o(i.advertising_init) refers to segger_rtt_printf.o(i.SEGGER_RTT_printf) for SEGGER_RTT_printf
    main.o(i.advertising_init) refers to ble_advdata.o(i.ble_advdata_set) for ble_advdata_set
    main.o(i.assert_nrf_callback) refers to debug_utils.o(i.app_error_handler) for app_error_handler
    main.o(i.beacon_adv_init) refers to debug_utils.o(i.app_error_handler) for app_error_handler
    main.o(i.beacon_adv_init) refers to advertiser_ibeacon.o(i.app_beacon_init) for app_beacon_init
    main.o(i.beacon_adv_init) refers to main.o(.bss) for .bss
    main.o(i.beacon_adv_init) refers to main.o(i.main) for i.main
    main.o(i.beacon_evt_handler) refers to segger_rtt_printf.o(i.SEGGER_RTT_printf) for SEGGER_RTT_printf
    main.o(i.beacon_next_scan_timer_start) refers to uldiv.o(.text) for __aeabi_uldivmod
    main.o(i.beacon_next_scan_timer_start) refers to app_timer.o(i.app_timer_start) for app_timer_start
    main.o(i.beacon_next_scan_timer_start) refers to debug_utils.o(i.app_error_handler) for app_error_handler
    main.o(i.beacon_next_scan_timer_start) refers to app_timer.o(i.app_timer_stop) for app_timer_stop
    main.o(i.beacon_next_scan_timer_start) refers to segger_rtt_printf.o(i.SEGGER_RTT_printf) for SEGGER_RTT_printf
    main.o(i.beacon_next_scan_timer_start) refers to main.o(.constdata) for .constdata
    main.o(i.beacon_scan_start) refers to memseta.o(.text) for __aeabi_memclr4
    main.o(i.beacon_scan_start) refers to segger_rtt_printf.o(i.SEGGER_RTT_printf) for SEGGER_RTT_printf
    main.o(i.beacon_scan_start) refers to scanner_beacon.o(i.app_beacon_scanner_start) for app_beacon_scanner_start
    main.o(i.beacon_scan_start) refers to main.o(i.beacon_scan_timer_stop) for beacon_scan_timer_stop
    main.o(i.beacon_scan_start) refers to user_drv_console.o(i.rui_save_scan_beacon_sta) for rui_save_scan_beacon_sta
    main.o(i.beacon_scan_start) refers to main.o(.data) for .data
    main.o(i.beacon_scan_start) refers to main.o(.bss) for .bss
    main.o(i.beacon_scan_start) refers to user_drv_console.o(.data) for BeaconUnReadNum
    main.o(i.beacon_scan_timer_stop) refers to app_timer.o(i.app_timer_stop) for app_timer_stop
[...]
    i.app_sched_execute                      0x0001d27c   Section        0  app_scheduler.o(i.app_sched_execute)
    i.app_sched_init                         0x0001d29c   Section        0  app_scheduler.o(i.app_sched_init)
    i.app_timer_create                       0x0001d2c8   Section        0  app_timer.o(i.app_timer_create)
    i.app_timer_init                         0x0001d2f4   Section        0  app_timer.o(i.app_timer_init)
    i.app_timer_start                        0x0001d384   Section        0  app_timer.o(i.app_timer_start)
    i.app_timer_stop                         0x0001d400   Section        0  app_timer.o(i.app_timer_stop)
    i.app_uart_get                           0x0001d454   Section        0  app_uart_fifo.o(i.app_uart_get)
    i.app_uart_init                          0x0001d488   Section        0  app_uart_fifo.o(i.app_uart_init)
    i.app_uart_put                           0x0001d528   Section        0  app_uart_fifo.o(i.app_uart_put)
    i.beacon_adv_init                        0x0001d550   Section        0  main.o(i.beacon_adv_init)
    beacon_adv_init                          0x0001d551   Thumb Code    70  main.o(i.beacon_adv_init)
    i.beacon_evt_handler                     0x0001d5a4   Section        0  main.o(i.beacon_evt_handler)
    beacon_evt_handler                       0x0001d5a5   Thumb Code    12  main.o(i.beacon_evt_handler)
    i.beacon_next_scan_timer_start           0x0001d5c4   Section        0  main.o(i.beacon_next_scan_timer_start)
    i.beacon_scan_start                      0x0001d664   Section        0  main.o(i.beacon_scan_start)
    beacon_scan_start                        0x0001d665   Thumb Code    56  main.o(i.beacon_scan_start)
    i.beacon_scan_timer_stop                 0x0001d6b8   Section        0  main.o(i.beacon_scan_timer_stop)
    i.beacon_scanner_error_handler           0x0001d714   Section        0  main.o(i.beacon_scanner_error_handler)
    beacon_scanner_error_handler             0x0001d715   Thumb Code    24  main.o(i.beacon_scanner_error_handler)
    i.ble_advdata_set                        0x0001d758   Section        0  ble_advdata.o(i.ble_advdata_set)
    i.ble_conn_params_init                   0x0001d7c0   Section        0  ble_conn_params.o(i.ble_conn_params_init)
    i.ble_conn_params_on_ble_evt             0x0001d814   Section        0  ble_conn_params.o(i.ble_conn_params_on_ble_evt)
    i.ble_device_addr_encode                 0x0001d8a4   Section        0  ble_advdata.o(i.ble_device_addr_encode)
    ble_device_addr_encode                   0x0001d8a5   Thumb Code    94  ble_advdata.o(i.ble_device_addr_encode)
    i.ble_dis_init                           0x0001d904   Section        0  ble_dis.o(i.ble_dis_init)
    i.ble_evt_dispatch                       0x0001da44   Section        0  main.o(i.ble_evt_dispatch)
    ble_evt_dispatch                         0x0001da45   Thumb Code    16  main.o(i.ble_evt_dispatch)
    i.ble_parm_check                         0x0001da54   Section        0  user_drv_console.o(i.ble_parm_check)
    ble_parm_check                           0x0001da55   Thumb Code    94  user_drv_console.o(i.ble_parm_check)
    i.ble_srv_ascii_to_utf8                  0x0001db04   Section        0  ble_srv_common.o(i.ble_srv_ascii_to_utf8)
    i.ble_stack_init                         0x0001db18   Section        0  main.o(i.ble_stack_init)
    ble_stack_init                           0x0001db19   Thumb Code    96  main.o(i.ble_stack_init)
    i.button_handler                         0x0001db8c   Section        0  main.o(i.button_handler)
    button_handler                           0x0001db8d   Thumb Code    98  main.o(i.button_handler)
    i.channel_free                           0x0001dc0c   Section        0  nrf_drv_gpiote.o(i.channel_free)
    channel_free                             0x0001dc0d   Thumb Code    22  nrf_drv_gpiote.o(i.channel_free)
    i.channel_port_alloc                     0x0001dc28   Section        0  nrf_drv_gpiote.o(i.channel_port_alloc)
    channel_port_alloc                       0x0001dc29   Thumb Code    66  nrf_drv_gpiote.o(i.channel_port_alloc)
    i.channel_port_get                       0x0001dc70   Section        0  nrf_drv_gpiote.o(i.channel_port_get)
    channel_port_get                         0x0001dc71   Thumb Code    10  nrf_drv_gpiote.o(i.channel_port_get)
    i.char_add                               0x0001dc80   Section        0  ble_dis.o(i.char_add)
    char_add                                 0x0001dc81   Thumb Code   156  ble_dis.o(i.char_add)
    i.clear_operation_execute                0x0001dd24   Section        0  pstorage.o(i.clear_operation_execute)
    clear_operation_execute                  0x0001dd25   Thumb Code   252  pstorage.o(i.clear_operation_execute)
    i.clear_post_processing_run              0x0001de28   Section        0  pstorage.o(i.clear_post_processing_run)
    clear_post_processing_run                0x0001de29   Thumb Code    32  pstorage.o(i.clear_post_processing_run)
    i.cmd_process                            0x0001de4c   Section        0  pstorage.o(i.cmd_process)
    cmd_process                              0x0001de4d   Thumb Code    46  pstorage.o(i.cmd_process)
    i.cmd_queue_element_init                 0x0001de84   Section        0  pstorage.o(i.cmd_queue_element_init)
    cmd_queue_element_init                   0x0001de85   Thumb Code    26  pstorage.o(i.cmd_queue_element_init)
    i.cmd_queue_enqueue                      0x0001dea4   Section        0  pstorage.o(i.cmd_queue_enqueue)
    cmd_queue_enqueue                        0x0001dea5   Thumb Code    68  pstorage.o(i.cmd_queue_enqueue)
    i.command_end_procedure_run              0x0001def0   Section        0  pstorage.o(i.command_end_procedure_run)
    command_end_procedure_run                0x0001def1   Thumb Code    56  pstorage.o(i.command_end_procedure_run)
    i.compare_reg_update                     0x0001df2c   Section        0  app_timer.o(i.compare_reg_update)
    compare_reg_update                       0x0001df2d   Thumb Code   142  app_timer.o(i.compare_reg_update)
    i.conn_int_encode                        0x0001dfd4   Section        0  ble_advdata.o(i.conn_int_encode)
    conn_int_encode                          0x0001dfd5   Thumb Code   130  ble_advdata.o(i.conn_int_encode)
    i.conn_params_error_handler              0x0001e05c   Section        0  main.o(i.conn_params_error_handler)
    conn_params_error_handler                0x0001e05d   Thumb Code    14  main.o(i.conn_params_error_handler)
    i.conn_params_negotiation                0x0001e07c   Section        0  ble_conn_params.o(i.conn_params_negotiation)
    conn_params_negotiation                  0x0001e07d   Thumb Code    92  ble_conn_params.o(i.conn_params_negotiation)
    i.data_page_erase_state_run              0x0001e0e4   Section        0  pstorage.o(i.data_page_erase_state_run)
    data_page_erase_state_run                0x0001e0e5   Thumb Code    80  pstorage.o(i.data_page_erase_state_run)
    i.data_to_swap_write_state_run           0x0001e138   Section        0  pstorage.o(i.data_to_swap_write_state_run)
    data_to_swap_write_state_run             0x0001e139   Thumb Code    34  pstorage.o(i.data_to_swap_write_state_run)
    i.detection_delay_timeout_handler        0x0001e160   Section        0  app_button.o(i.detection_delay_timeout_handler)
    detection_delay_timeout_handler          0x0001e161   Thumb Code    90  app_button.o(i.detection_delay_timeout_handler)
    i.elapsed_ticks_acquire                  0x0001e1c0   Section        0  app_timer.o(i.elapsed_ticks_acquire)
    elapsed_ticks_acquire                    0x0001e1c1   Thumb Code    58  app_timer.o(i.elapsed_ticks_acquire)
    i.fifo_get                               0x0001e200   Section        0  app_fifo.o(i.fifo_get)
    fifo_get                                 0x0001e201   Thumb Code    20  app_fifo.o(i.fifo_get)
    i.fifo_put                               0x0001e214   Section        0  app_fifo.o(i.fifo_put)
    fifo_put                                 0x0001e215   Thumb Code    18  app_fifo.o(i.fifo_put)
    i.flash_api_err_code_process             0x0001e228   Section        0  pstorage.o(i.flash_api_err_code_process)
    flash_api_err_code_process               0x0001e229   Thumb Code    28  pstorage.o(i.flash_api_err_code_process)
    i.flash_operation_success_run            0x0001e248   Section        0  pstorage.o(i.flash_operation_success_run)
    flash_operation_success_run              0x0001e249   Thumb Code   114  pstorage.o(i.flash_operation_success_run)
    i.flash_page_erase                       0x0001e2c8   Section        0  pstorage.o(i.flash_page_erase)
    flash_page_erase                         0x0001e2c9   Thumb Code    10  pstorage.o(i.flash_page_erase)
    i.flash_write                            0x0001e2d2   Section        0  pstorage.o(i.flash_write)
    flash_write                              0x0001e2d3   Thumb Code    10  pstorage.o(i.flash_write)
    i.gap_params_init                        0x0001e2dc   Section        0  main.o(i.gap_params_init)
    gap_params_init                          0x0001e2dd   Thumb Code   110  main.o(i.gap_params_init)
    i.gpiote_event_handler                   0x0001e354   Section        0  app_button.o(i.gpiote_event_handler)
    gpiote_event_handler                     0x0001e355   Thumb Code    72  app_button.o(i.gpiote_event_handler)
    i.head_restore_state_run                 0x0001e3a4   Section        0  pstorage.o(i.head_restore_state_run)
    head_restore_state_run                   0x0001e3a5   Thumb Code   110  pstorage.o(i.head_restore_state_run)
    i.intern_softdevice_events_execute       0x0001e41c   Section        0  softdevice_handler.o(i.intern_softdevice_events_execute)
    i.is_conn_params_ok                      0x0001e4a0   Section        0  ble_conn_params.o(i.is_conn_params_ok)
    is_conn_params_ok                        0x0001e4a1   Thumb Code    24  ble_conn_params.o(i.is_conn_params_ok)
    i.is_manual_peripheral_setup_needed      0x0001e4bc   Section        0  system_nrf51.o(i.is_manual_peripheral_setup_needed)
    is_manual_peripheral_setup_needed        0x0001e4bd   Thumb Code    66  system_nrf51.o(i.is_manual_peripheral_setup_needed)
    i.is_page_erase_required                 0x0001e504   Section        0  pstorage.o(i.is_page_erase_required)
    is_page_erase_required                   0x0001e505   Thumb Code    60  pstorage.o(i.is_page_erase_required)
    i.is_word_aligned                        0x0001e548   Section        0  pstorage.o(i.is_word_aligned)
    is_word_aligned                          0x0001e549   Thumb Code    12  pstorage.o(i.is_word_aligned)
    i.le_role_encode                         0x0001e554   Section        0  ble_advdata.o(i.le_role_encode)
    le_role_encode                           0x0001e555   Thumb Code    84  ble_advdata.o(i.le_role_encode)
    i.list_deletions_handler                 0x0001e5a8   Section        0  app_timer.o(i.list_deletions_handler)
    list_deletions_handler                   0x0001e5a9   Thumb Code   180  app_timer.o(i.list_deletions_handler)
    i.list_insertions_handler                0x0001e664   Section        0  app_timer.o(i.list_insertions_handler)
    list_insertions_handler                  0x0001e665   Thumb Code   202  app_timer.o(i.list_insertions_handler)
    i.m_request_earliest                     0x0001e738   Section        0  advertiser_beacon_timeslot.o(i.m_request_earliest)
    i.main                                   0x0001e760   Section        0  main.o(i.main)
    i.main_state_err_busy_process            0x0001e99c   Section        0  pstorage.o(i.main_state_err_busy_process)
    main_state_err_busy_process              0x0001e99d   Thumb Code    20  pstorage.o(i.main_state_err_busy_process)
    i.manuf_specific_data_encode             0x0001e9b4   Section        0  ble_advdata.o(i.manuf_specific_data_encode)
    manuf_specific_data_encode               0x0001e9b5   Thumb Code   104  ble_advdata.o(i.manuf_specific_data_encode)
    i.name_encode                            0x0001ea1c   Section        0  ble_advdata.o(i.name_encode)
    name_encode                              0x0001ea1d   Thumb Code   158  ble_advdata.o(i.name_encode)
    i.nrf_delay_ms                           0x0001eabc   Section        0  nrf_delay.o(i.nrf_delay_ms)
    i.nrf_drv_common_irq_enable              0x0001ead8   Section        0  nrf_drv_common.o(i.nrf_drv_common_irq_enable)
    i.nrf_drv_gpiote_in_event_enable         0x0001eb38   Section        0  nrf_drv_gpiote.o(i.nrf_drv_gpiote_in_event_enable)
    i.nrf_drv_gpiote_in_init                 0x0001ebd8   Section        0  nrf_drv_gpiote.o(i.nrf_drv_gpiote_in_init)
    i.nrf_drv_gpiote_in_is_set               0x0001ec7c   Section        0  nrf_drv_gpiote.o(i.nrf_drv_gpiote_in_is_set)
    i.nrf_drv_gpiote_init                    0x0001ec90   Section        0  nrf_drv_gpiote.o(i.nrf_drv_gpiote_init)
    i.nrf_drv_gpiote_is_init                 0x0001ece4   Section        0  nrf_drv_gpiote.o(i.nrf_drv_gpiote_is_init)
    i.nrf_drv_uart_init                      0x0001ecf4   Section        0  nrf_drv_uart.o(i.nrf_drv_uart_init)
    i.nrf_drv_uart_rx                        0x0001eda4   Section        0  nrf_drv_uart.o(i.nrf_drv_uart_rx)
    i.nrf_drv_uart_rx_enable                 0x0001ee58   Section        0  nrf_drv_uart.o(i.nrf_drv_uart_rx_enable)
    i.nrf_drv_uart_tx                        0x0001ee70   Section        0  nrf_drv_uart.o(i.nrf_drv_uart_tx)
    i.nrf_drv_wdt_channel_alloc              0x0001eefc   Section        0  nrf_drv_wdt.o(i.nrf_drv_wdt_channel_alloc)
    i.nrf_drv_wdt_channel_feed               0x0001efec   Section        0  nrf_drv_wdt.o(i.nrf_drv_wdt_channel_feed)
    i.nrf_drv_wdt_enable                     0x0001f000   Section        0  nrf_drv_wdt.o(i.nrf_drv_wdt_enable)
    i.nrf_drv_wdt_init                       0x0001f020   Section        0  nrf_drv_wdt.o(i.nrf_drv_wdt_init)
    i.nrf_gpio_cfg                           0x0001f068   Section        0  main.o(i.nrf_gpio_cfg)
    nrf_gpio_cfg                             0x0001f069   Thumb Code    32  main.o(i.nrf_gpio_cfg)
    i.nrf_gpio_cfg                           0x0001f08c   Section        0  nrf_drv_gpiote.o(i.nrf_gpio_cfg)
    nrf_gpio_cfg                             0x0001f08d   Thumb Code    32  nrf_drv_gpiote.o(i.nrf_gpio_cfg)
    i.nrf_gpio_cfg                           0x0001f0b0   Section        0  nrf_drv_uart.o(i.nrf_gpio_cfg)
    nrf_gpio_cfg                             0x0001f0b1   Thumb Code    32  nrf_drv_uart.o(i.nrf_gpio_cfg)
    i.nrf_gpio_cfg_default                   0x0001f0d4   Section        0  main.o(i.nrf_gpio_cfg_default)
    nrf_gpio_cfg_default                     0x0001f0d5   Thumb Code    18  main.o(i.nrf_gpio_cfg_default)
    i.nrf_gpio_cfg_input                     0x0001f0e6   Section        0  nrf_drv_uart.o(i.nrf_gpio_cfg_input)
    nrf_gpio_cfg_input                       0x0001f0e7   Thumb Code    18  nrf_drv_uart.o(i.nrf_gpio_cfg_input)
    i.nrf_gpio_cfg_output                    0x0001f0f8   Section        0  nrf_drv_uart.o(i.nrf_gpio_cfg_output)
    nrf_gpio_cfg_output                      0x0001f0f9   Thumb Code    20  nrf_drv_uart.o(i.nrf_gpio_cfg_output)
    i.nrf_gpio_cfg_sense_set                 0x0001f10c   Section        0  nrf_drv_gpiote.o(i.nrf_gpio_cfg_sense_set)
    nrf_gpio_cfg_sense_set                   0x0001f10d   Thumb Code    26  nrf_drv_gpiote.o(i.nrf_gpio_cfg_sense_set)
    i.nrf_gpiote_event_is_set                0x0001f12c   Section        0  nrf_drv_gpiote.o(i.nrf_gpiote_event_is_set)
    nrf_gpiote_event_is_set                  0x0001f12d   Thumb Code    14  nrf_drv_gpiote.o(i.nrf_gpiote_event_is_set)
    i.nrf_uart_event_check                   0x0001f140   Section        0  nrf_drv_uart.o(i.nrf_uart_event_check)
    nrf_uart_event_check                     0x0001f141   Thumb Code    10  nrf_drv_uart.o(i.nrf_uart_event_check)
    i.nrf_uart_int_enable_check              0x0001f14a   Section        0  nrf_drv_uart.o(i.nrf_uart_int_enable_check)
    nrf_uart_int_enable_check                0x0001f14b   Thumb Code    16  nrf_drv_uart.o(i.nrf_uart_int_enable_check)
    i.nvm_load                               0x0001f15c   Section        0  flash_opt.o(i.nvm_load)
    i.nvm_pstorage_cb_handler                0x0001f1b0   Section        0  flash_opt.o(i.nvm_pstorage_cb_handler)
    nvm_pstorage_cb_handler                  0x0001f1b1   Thumb Code   108  flash_opt.o(i.nvm_pstorage_cb_handler)
    i.nvm_storage_init                       0x0001f310   Section        0  flash_opt.o(i.nvm_storage_init)
    i.nvm_write                              0x0001f360   Section        0  flash_opt.o(i.nvm_write)
    i.nvm_write_baby_id_info_write_complete_cb 0x0001f3d8   Section        0  user_drv_console.o(i.nvm_write_baby_id_info_write_complete_cb)
    nvm_write_baby_id_info_write_complete_cb 0x0001f3d9   Thumb Code    98  user_drv_console.o(i.nvm_write_baby_id_info_write_complete_cb)
    i.nvm_write_beacon_scan_sta_complete_cb  0x0001f4c0   Section        0  user_drv_console.o(i.nvm_write_beacon_scan_sta_complete_cb)
    nvm_write_beacon_scan_sta_complete_cb    0x0001f4c1   Thumb Code    96  user_drv_console.o(i.nvm_write_beacon_scan_sta_complete_cb)
    i.nvm_write_radio_parm_info_write_complete_cb 0x0001f5a8   Section        0  user_drv_console.o(i.nvm_write_radio_parm_info_write_complete_cb)
    i.on_ble_evt                             0x0001f810   Section        0  main.o(i.on_ble_evt)
    on_ble_evt                               0x0001f811   Thumb Code   510  main.o(i.on_ble_evt)
    i.on_conn_params_evt                     0x0001fb14   Section        0  main.o(i.on_conn_params_evt)
    on_conn_params_evt                       0x0001fb15   Thumb Code    32  main.o(i.on_conn_params_evt)
    i.pin_in_use_by_port                     0x0001fb48   Section        0  nrf_drv_gpiote.o(i.pin_in_use_by_port)
    pin_in_use_by_port                       0x0001fb49   Thumb Code    20  nrf_drv_gpiote.o(i.pin_in_use_by_port)
    i.pin_in_use_by_te                       0x0001fb60   Section        0  nrf_drv_gpiote.o(i.pin_in_use_by_te)
    pin_in_use_by_te                         0x0001fb61   Thumb Code    20  nrf_drv_gpiote.o(i.pin_in_use_by_te)
    i.pnp_id_encode                          0x0001fb78   Section        0  ble_dis.o(i.pnp_id_encode)
    pnp_id_encode                            0x0001fb79   Thumb Code    62  ble_dis.o(i.pnp_id_encode)
    i.pstorage_block_identifier_get          0x0001fbbc   Section        0  pstorage.o(i.pstorage_block_identifier_get)
    i.pstorage_flash_page_end                0x0001fc10   Section        0  pstorage.o(i.pstorage_flash_page_end)
    pstorage_flash_page_end                  0x0001fc11   Thumb Code    32  pstorage.o(i.pstorage_flash_page_end)
    i.pstorage_flash_page_size               0x0001fc34   Section        0  pstorage.o(i.pstorage_flash_page_size)
    pstorage_flash_page_size                 0x0001fc35   Thumb Code    10  pstorage.o(i.pstorage_flash_page_size)
    i.pstorage_init                          0x0001fc40   Section        0  pstorage.o(i.pstorage_init)
    i.pstorage_load                          0x0001fc8c   Section        0  pstorage.o(i.pstorage_load)
    i.pstorage_register                      0x0001fd34   Section        0  pstorage.o(i.pstorage_register)
    i.pstorage_sys_event_handler             0x0001fdf0   Section        0  pstorage.o(i.pstorage_sys_event_handler)
    i.pstorage_update                        0x0001fe3c   Section        0  pstorage.o(i.pstorage_update)
    i.radio_parm_check                       0x0001fecc   Section        0  user_drv_console.o(i.radio_parm_check)
    radio_parm_check                         0x0001fecd   Thumb Code   270  user_drv_console.o(i.radio_parm_check)
    i.rtc1_stop                              0x00020168   Section        0  app_timer.o(i.rtc1_stop)
    rtc1_stop                                0x00020169   Thumb Code    50  app_timer.o(i.rtc1_stop)
    i.rui_save_scan_beacon_sta               0x000201ac   Section        0  user_drv_console.o(i.rui_save_scan_beacon_sta)
    i.rx_byte                                0x00020228   Section        0  nrf_drv_uart.o(i.rx_byte)
    rx_byte                                  0x00020229   Thumb Code    30  nrf_drv_uart.o(i.rx_byte)
    i.rx_done_event                          0x00020254   Section        0  nrf_drv_uart.o(i.rx_done_event)
    rx_done_event                            0x00020255   Thumb Code    28  nrf_drv_uart.o(i.rx_done_event)
    i.rx_enable                              0x00020274   Section        0  nrf_drv_uart.o(i.rx_enable)
    rx_enable                                0x00020275   Thumb Code    22  nrf_drv_uart.o(i.rx_enable)
    i.service_data_encode                    0x00020290   Section        0  ble_advdata.o(i.service_data_encode)
    service_data_encode                      0x00020291   Thumb Code   142  ble_advdata.o(i.service_data_encode)
    i.services_init                          0x00020320   Section        0  main.o(i.services_init)
    services_init                            0x00020321   Thumb Code    94  main.o(i.services_init)
    i.sm_state_change                        0x000203bc   Section        0  pstorage.o(i.sm_state_change)
    sm_state_change                          0x000203bd   Thumb Code    62  pstorage.o(i.sm_state_change)
    i.softdevice_assertion_handler           0x00020404   Section        0  softdevice_handler.o(i.softdevice_assertion_handler)
    i.softdevice_ble_evt_handler_set         0x00020410   Section        0  softdevice_handler.o(i.softdevice_ble_evt_handler_set)
    i.softdevice_handler_init                0x00020424   Section        0  softdevice_handler.o(i.softdevice_handler_init)
    i.softdevice_sys_evt_handler_set         0x00020454   Section        0  softdevice_handler.o(i.softdevice_sys_evt_handler_set)
    i.state_data_erase_swap_entry_run        0x00020468   Section        0  pstorage.o(i.state_data_erase_swap_entry_run)
    state_data_erase_swap_entry_run          0x00020469   Thumb Code    92  pstorage.o(i.state_data_erase_swap_entry_run)
    i.state_erase_data_page_entry_run        0x000204cc   Section        0  pstorage.o(i.state_erase_data_page_entry_run)
    state_erase_data_page_entry_run          0x000204cd   Thumb Code    12  pstorage.o(i.state_erase_data_page_entry_run)
    i.state_restore_head_entry_run           0x000204dc   Section        0  pstorage.o(i.state_restore_head_entry_run)
    state_restore_head_entry_run             0x000204dd   Thumb Code    36  pstorage.o(i.state_restore_head_entry_run)
    i.state_restore_tail_entry_run           0x00020504   Section        0  pstorage.o(i.state_restore_tail_entry_run)
    state_restore_tail_entry_run             0x00020505   Thumb Code    66  pstorage.o(i.state_restore_tail_entry_run)
    i.state_swap_erase_entry_run             0x00020550   Section        0  pstorage.o(i.state_swap_erase_entry_run)
    state_swap_erase_entry_run               0x00020551   Thumb Code    32  pstorage.o(i.state_swap_erase_entry_run)
    i.state_write_data_swap_entry_run        0x00020570   Section        0  pstorage.o(i.state_write_data_swap_entry_run)
    state_write_data_swap_entry_run          0x00020571   Thumb Code    42  pstorage.o(i.state_write_data_swap_entry_run)
    i.store_cmd_flash_write_execute          0x000205a0   Section        0  pstorage.o(i.store_cmd_flash_write_execute)
    store_cmd_flash_write_execute            0x000205a1   Thumb Code    82  pstorage.o(i.store_cmd_flash_write_execute)
    i.swap_erase_state_run                   0x000205fc   Section        0  pstorage.o(i.swap_erase_state_run)
    swap_erase_state_run                     0x000205fd   Thumb Code    24  pstorage.o(i.swap_erase_state_run)
    i.swap_sub_state_err_busy_process        0x00020618   Section        0  pstorage.o(i.swap_sub_state_err_busy_process)
    swap_sub_state_err_busy_process          0x00020619   Thumb Code    20  pstorage.o(i.swap_sub_state_err_busy_process)
    i.swap_sub_state_state_change            0x00020630   Section        0  pstorage.o(i.swap_sub_state_state_change)
    swap_sub_state_state_change              0x00020631   Thumb Code    12  pstorage.o(i.swap_sub_state_state_change)
    i.sys_evt_dispatch                       0x00020644   Section        0  main.o(i.sys_evt_dispatch)
    sys_evt_dispatch                         0x00020645   Thumb Code    16  main.o(i.sys_evt_dispatch)
    i.sys_id_encode                          0x00020654   Section        0  ble_dis.o(i.sys_id_encode)
    sys_id_encode                            0x00020655   Thumb Code    86  ble_dis.o(i.sys_id_encode)
    i.tail_restore_state_run                 0x000206b0   Section        0  pstorage.o(i.tail_restore_state_run)
    tail_restore_state_run                   0x000206b1   Thumb Code    22  pstorage.o(i.tail_restore_state_run)
    i.timer_list_handler                     0x000206cc   Section        0  app_timer.o(i.timer_list_handler)
    timer_list_handler                       0x000206cd   Thumb Code   128  app_timer.o(i.timer_list_handler)
    i.timer_list_handler_sched               0x00020750   Section        0  app_timer.o(i.timer_list_handler_sched)
    timer_list_handler_sched                 0x00020751   Thumb Code    10  app_timer.o(i.timer_list_handler_sched)
    i.timer_list_insert                      0x00020760   Section        0  app_timer.o(i.timer_list_insert)
    timer_list_insert                        0x00020761   Thumb Code    60  app_timer.o(i.timer_list_insert)
    i.timer_timeouts_check                   0x000207a0   Section        0  app_timer.o(i.timer_timeouts_check)
    timer_timeouts_check                     0x000207a1   Thumb Code   124  app_timer.o(i.timer_timeouts_check)
    i.timers_init                            0x00020860   Section        0  main.o(i.timers_init)
    timers_init                              0x00020861   Thumb Code    80  main.o(i.timers_init)
    i.tx_byte                                0x000208c4   Section        0  nrf_drv_uart.o(i.tx_byte)
    tx_byte                                  0x000208c5   Thumb Code    30  nrf_drv_uart.o(i.tx_byte)
    i.tx_done_event                          0x000208f0   Section        0  nrf_drv_uart.o(i.tx_done_event)
    tx_done_event                            0x000208f1   Thumb Code    26  nrf_drv_uart.o(i.tx_done_event)
    i.uart_event_handle                      0x00020910   Section        0  main.o(i.uart_event_handle)
    i.uart_event_handler                     0x00020960   Section        0  app_uart_fifo.o(i.uart_event_handler)
    uart_event_handler                       0x00020961   Thumb Code   156  app_uart_fifo.o(i.uart_event_handler)
    i.uart_process                           0x00020a04   Section        0  user_drv_console.o(i.uart_process)
    i.uart_receive_handle                    0x00020d2c   Section        0  user_drv_console.o(i.uart_receive_handle)
    i.uart_schedule_hander                   0x00020dec   Section        0  user_drv_console.o(i.uart_schedule_hander)
    uart_schedule_hander                     0x00020ded   Thumb Code     6  user_drv_console.o(i.uart_schedule_hander)
    i.uint16_encode                          0x00020df8   Section        0  ble_advdata.o(i.uint16_encode)
    uint16_encode                            0x00020df9   Thumb Code    10  ble_advdata.o(i.uint16_encode)
    i.uint16_encode                          0x00020e02   Section        0  advertiser_ibeacon.o(i.uint16_encode)
    uint16_encode                            0x00020e03   Thumb Code    10  advertiser_ibeacon.o(i.uint16_encode)
    i.update_timeout_handler                 0x00020e0c   Section        0  ble_conn_params.o(i.update_timeout_handler)
    update_timeout_handler                   0x00020e0d   Thumb Code    86  ble_conn_params.o(i.update_timeout_handler)
    i.user_id_get                            0x00020e70   Section        0  app_timer.o(i.user_id_get)
    user_id_get                              0x00020e71   Thumb Code    74  app_timer.o(i.user_id_get)
    i.user_op_alloc                          0x00020ec4   Section        0  app_timer.o(i.user_op_alloc)
    user_op_alloc                            0x00020ec5   Thumb Code    38  app_timer.o(i.user_op_alloc)
    i.uuid_list_encode                       0x00020eea   Section        0  ble_advdata.o(i.uuid_list_encode)
    uuid_list_encode                         0x00020eeb   Thumb Code    48  ble_advdata.o(i.uuid_list_encode)
    i.uuid_list_sized_encode                 0x00020f1a   Section        0  ble_advdata.o(i.uuid_list_sized_encode)
    uuid_list_sized_encode                   0x00020f1b   Thumb Code   174  ble_advdata.o(i.uuid_list_sized_encode)
    i.wdt_event_handler                      0x00020fc8   Section        0  main.o(i.wdt_event_handler)
    i.wdt_timeout_handler                    0x00020fe8   Section        0  main.o(i.wdt_timeout_handler)
    wdt_timeout_handler                      0x00020fe9   Thumb Code    12  main.o(i.wdt_timeout_handler)
    .constdata                               0x00020ff8   Section       77  main.o(.constdata)
    m_wdt_timer_id                           0x00020ff8   Data           4  main.o(.constdata)
    m_start_scan_beacon_timer_id             0x00020ffc   Data           4  main.o(.constdata)
    .constdata                               0x00021048   Section        4  ble_conn_params.o(.constdata)
    m_conn_params_timer_id                   0x00021048   Data           4  ble_conn_params.o(.constdata)
    .constdata                               0x0002104c   Section       40  pstorage.o(.constdata)
    swap_sub_state_sm_lut                    0x0002104c   Data          20  pstorage.o(.constdata)
    swap_sub_state_sm_lut                    0x00021060   Data          20  pstorage.o(.constdata)
    .constdata                               0x00021074   Section       12  nrf_drv_wdt.o(.constdata)
    m_default_config                         0x00021074   Data          12  nrf_drv_wdt.o(.constdata)
    .constdata                               0x00021080   Section       32  nrf_drv_uart.o(.constdata)
    m_default_config                         0x00021080   Data          32  nrf_drv_uart.o(.constdata)
    .constdata                               0x000210a0   Section        8  app_button.o(.constdata)
    m_detection_delay_timer_id               0x000210a0   Data           4  app_button.o(.constdata)
    .constdata                               0x000210a8   Section       32  app_uart_fifo.o(.constdata)
    .constdata                               0x000210c8   Section       16  segger_rtt_printf.o(.constdata)
    _aV2C                                    0x000210c8   Data          16  segger_rtt_printf.o(.constdata)
    .conststring                             0x000210d8   Section       67  ble_dis.o(.conststring)
    .conststring                             0x0002111c   Section       68  app_scheduler.o(.conststring)
    .conststring                             0x00021160   Section       90  softdevice_handler.o(.conststring)
    .conststring                             0x000211bc   Section        9  segger_rtt.o(.conststring)
    .data                                    0x20002800   Section       32  main.o(.data)
    m_ready_send_mac                         0x20002802   Data           1  main.o(.data)
    rx_buf                                   0x20002803   Data           1  main.o(.data)
    m_conn_handle                            0x20002806   Data           2  main.o(.data)
    p_button                                 0x20002810   Data           8  main.o(.data)
    m_beacon_scanner_init                    0x20002818   Data           8  main.o(.data)
    .data                                    0x20002820   Section       12  flash_opt.o(.data)
    nvm_num_callbacks                        0x20002820   Data           1  flash_opt.o(.data)
    .data                                    0x2000282c   Section       32  user_drv_console.o(.data)
    len                                      0x2000282d   Data           1  user_drv_console.o(.data)
    beacon_sta                               0x20002830   Data           4  user_drv_console.o(.data)
    m_lastmac                                0x20002834   Data           7  user_drv_console.o(.data)
    .data                                    0x2000284c   Section       20  ble_conn_params.o(.data)
    m_change_param                           0x2000284c   Data           1  ble_conn_params.o(.data)
    m_update_count                           0x2000284d   Data           1  ble_conn_params.o(.data)
    m_conn_handle                            0x2000284e   Data           2  ble_conn_params.o(.data)
    m_preferred_conn_params                  0x20002850   Data           8  ble_conn_params.o(.data)
    m_current_conn_params                    0x20002858   Data           8  ble_conn_params.o(.data)
    .data                                    0x20002860   Section       74  ble_dis.o(.data)
    service_handle                           0x20002860   Data           2  ble_dis.o(.data)
    manufact_name_handles                    0x20002862   Data           8  ble_dis.o(.data)
    model_num_handles                        0x2000286a   Data           8  ble_dis.o(.data)
    serial_num_handles                       0x20002872   Data           8  ble_dis.o(.data)
    hw_rev_handles                           0x2000287a   Data           8  ble_dis.o(.data)
    fw_rev_handles                           0x20002882   Data           8  ble_dis.o(.data)
    sw_rev_handles                           0x2000288a   Data           8  ble_dis.o(.data)
    sys_id_handles                           0x20002892   Data           8  ble_dis.o(.data)
    reg_cert_data_list_handles               0x2000289a   Data           8  ble_dis.o(.data)
    pnp_id_handles                           0x200028a2   Data           8  ble_dis.o(.data)
    .data                                    0x200028ac   Section       36  pstorage.o(.data)
    m_state                                  0x200028ac   Data           1  pstorage.o(.data)
    m_swap_sub_state                         0x200028ad   Data           1  pstorage.o(.data)
    m_next_app_instance                      0x200028ae   Data           2  pstorage.o(.data)
    m_flags                                  0x200028b0   Data           4  pstorage.o(.data)
    m_next_page_addr                         0x200028b4   Data           4  pstorage.o(.data)
    m_head_word_size                         0x200028b8   Data           4  pstorage.o(.data)
    m_tail_word_size                         0x200028bc   Data           4  pstorage.o(.data)
    m_current_page_id                        0x200028c0   Data           4  pstorage.o(.data)
    m_num_of_command_retries                 0x200028c4   Data           4  pstorage.o(.data)
    m_num_of_bytes_written                   0x200028c8   Data           4  pstorage.o(.data)
    m_app_data_size                          0x200028cc   Data           4  pstorage.o(.data)
    .data                                    0x200028d0   Section       12  nrf_drv_wdt.o(.data)
    m_state                                  0x200028d0   Data           1  nrf_drv_wdt.o(.data)
    m_wdt_event_handler                      0x200028d4   Data           4  nrf_drv_wdt.o(.data)
    m_alloc_index                            0x200028d8   Data           4  nrf_drv_wdt.o(.data)
    .data                                    0x200028dc   Section       20  app_button.o(.data)
    m_button_count                           0x200028dc   Data           1  app_button.o(.data)
    mp_buttons                               0x200028e0   Data           4  app_button.o(.data)
    m_detection_delay                        0x200028e4   Data           4  app_button.o(.data)
    m_pin_state                              0x200028e8   Data           4  app_button.o(.data)
    m_pin_transition                         0x200028ec   Data           4  app_button.o(.data)
    .data                                    0x200028f0   Section       32  app_timer.o(.data)
    m_user_array_size                        0x200028f0   Data           1  app_timer.o(.data)
    m_ticks_elapsed_q_read_ind               0x200028f1   Data           1  app_timer.o(.data)
    m_ticks_elapsed_q_write_ind              0x200028f2   Data           1  app_timer.o(.data)
    m_rtc1_running                           0x200028f3   Data           1  app_timer.o(.data)
    m_rtc1_reset                             0x200028f4   Data           1  app_timer.o(.data)
    mp_users                                 0x200028f8   Data           4  app_timer.o(.data)
    mp_timer_id_head                         0x200028fc   Data           4  app_timer.o(.data)
    m_ticks_latest                           0x20002900   Data           4  app_timer.o(.data)
    m_evt_schedule_func                      0x20002904   Data           4  app_timer.o(.data)
    m_ticks_elapsed                          0x20002908   Data           8  app_timer.o(.data)
    .data                                    0x20002910   Section       16  app_scheduler.o(.data)
    m_queue_start_index                      0x20002910   Data           1  app_scheduler.o(.data)
    m_queue_end_index                        0x20002911   Data           1  app_scheduler.o(.data)
    m_queue_event_size                       0x20002912   Data           2  app_scheduler.o(.data)
    m_queue_size                             0x20002914   Data           2  app_scheduler.o(.data)
    m_queue_event_headers                    0x20002918   Data           4  app_scheduler.o(.data)
    m_queue_event_data                       0x2000291c   Data           4  app_scheduler.o(.data)
    .data                                    0x20002920   Section        8  app_uart_fifo.o(.data)
    tx_buffer                                0x20002920   Data           1  app_uart_fifo.o(.data)
    tx_tmp                                   0x20002921   Data           1  app_uart_fifo.o(.data)
    rx_buffer                                0x20002922   Data           1  app_uart_fifo.o(.data)
    m_event_handler                          0x20002924   Data           4  app_uart_fifo.o(.data)
    .data                                    0x20002928   Section       16  app_gpiote.o(.data)
    m_user_array_size                        0x20002928   Data           1  app_gpiote.o(.data)
    m_user_count                             0x20002929   Data           1  app_gpiote.o(.data)
    mp_users                                 0x2000292c   Data           4  app_gpiote.o(.data)
    m_pins                                   0x20002930   Data           4  app_gpiote.o(.data)
    m_last_pins_state                        0x20002934   Data           4  app_gpiote.o(.data)
    .data                                    0x20002938   Section       20  softdevice_handler.o(.data)
    m_softdevice_enabled                     0x20002938   Data           1  softdevice_handler.o(.data)
    m_ble_evt_buffer_size                    0x2000293a   Data           2  softdevice_handler.o(.data)
    m_evt_schedule_func                      0x2000293c   Data           4  softdevice_handler.o(.data)
    mp_ble_evt_buffer                        0x20002940   Data           4  softdevice_handler.o(.data)
    m_ble_evt_handler                        0x20002944   Data           4  softdevice_handler.o(.data)
    m_sys_evt_handler                        0x20002948   Data           4  softdevice_handler.o(.data)
    .data                                    0x2000294c   Section      124  segger_rtt.o(.data)
    _ActiveTerminal                          0x2000294c   Data           1  segger_rtt.o(.data)
    _SEGGER_RTT                              0x20002950   Data         120  segger_rtt.o(.data)
    .data                                    0x200029c8   Section        4  system_nrf51.o(.data)
    __tagsym$$used                           0x200029c8   Number         0  system_nrf51.o(.data)
    .bss                                     0x200029cc   Section       76  advertiser_beacon_timeslot.o(.bss)
    m_rfid                                   0x200029cc   Data          76  advertiser_beacon_timeslot.o(.bss)
    .bss                                     0x20002a18   Section       32  main.o(.bss)
    m_wdt_timer_id_data                      0x20002a18   Data          32  main.o(.bss)
    .bss                                     0x20002a38   Section       32  main.o(.bss)
    m_start_scan_beacon_timer_id_data        0x20002a38   Data          32  main.o(.bss)
    .bss                                     0x20002a58   Section     1372  main.o(.bss)
    APP_TIMER_BUF                            0x20002b70   Data         456  main.o(.bss)
    APP_SCHED_BUF                            0x20002d38   Data         176  main.o(.bss)
    app_gpiote_buf                           0x20002de8   Data          24  main.o(.bss)
    tx_buf                                   0x20002e00   Data         256  main.o(.bss)
    BLE_EVT_BUFFER                           0x20002f00   Data          72  main.o(.bss)
    m_beacon_save_data                       0x20002f78   Data          20  main.o(.bss)
    beacon_init                              0x20002f8c   Data          40  main.o(.bss)
    .bss                                     0x20002fb4   Section       36  flash_opt.o(.bss)
    nvm_callbacks                            0x20002fb4   Data          36  flash_opt.o(.bss)
    .bss                                     0x20002fd8   Section      260  user_drv_console.o(.bss)
    m_uart_packer_info                       0x20002fd8   Data         260  user_drv_console.o(.bss)
    .bss                                     0x200030dc   Section       24  scanner_beacon.o(.bss)
    m_beacon_scanner                         0x200030dc   Data          24  scanner_beacon.o(.bss)
    .bss                                     0x200030f4   Section       32  ble_conn_params.o(.bss)
    m_conn_params_timer_id_data              0x200030f4   Data          32  ble_conn_params.o(.bss)
    .bss                                     0x20003114   Section       28  ble_conn_params.o(.bss)
    m_conn_params_config                     0x20003114   Data          28  ble_conn_params.o(.bss)
    .bss                                     0x20003130   Section       72  nrf_drv_gpiote.o(.bss)
    m_cb                                     0x20003130   Data          72  nrf_drv_gpiote.o(.bss)
    .bss                                     0x20003178   Section      216  pstorage.o(.bss)
    m_cmd_queue                              0x20003178   Data         204  pstorage.o(.bss)
    m_app_table                              0x20003244   Data          12  pstorage.o(.bss)
    .bss                                     0x20003250   Section       24  nrf_drv_uart.o(.bss)
    m_cb                                     0x20003250   Data          24  nrf_drv_uart.o(.bss)
    .bss                                     0x20003268   Section       32  app_button.o(.bss)
    m_detection_delay_timer_id_data          0x20003268   Data          32  app_button.o(.bss)
    .bss                                     0x20003288   Section       32  app_uart_fifo.o(.bss)
    m_rx_fifo                                0x20003288   Data          16  app_uart_fifo.o(.bss)
    m_tx_fifo                                0x20003298   Data          16  app_uart_fifo.o(.bss)
    .bss                                     0x200032a8   Section     1024  segger_rtt.o(.bss)
    _acUpBuffer                              0x200032a8   Data        1024  segger_rtt.o(.bss)
    .bss                                     0x200036a8   Section       16  segger_rtt.o(.bss)
    _acDownBuffer                            0x200036a8   Data          16  segger_rtt.o(.bss)
    .bss                                     0x200036b8   Section       60  advertiser_ibeacon.o(.bss)
    m_beacon                                 0x200036b8   Data          60  advertiser_ibeacon.o(.bss)
    STACK                                    0x200036f8   Section     2048  arm_startup_nrf51.o(STACK)

    Global Symbols

    Symbol Name                              Value     Ov Type        Size  Object(Section)

    BuildAttributes$$THM_ISAv3M$S$PE$A:L22$X:L11$S22$IEEE1$IW$USESV6$~STKCKD$USESV7$~SHL$OSPACE$EBA8$MICROLIB$REQ8$PRES8$EABIv2 0x00000000   Number         0  anon$$obj.o ABSOLUTE
    __ARM_use_no_argv                        0x00000000   Number         0  main.o ABSOLUTE
    __cpp_initialize__aeabi_                  - Undefined Weak Reference
    __cxa_finalize                            - Undefined Weak Reference
    _clock_init                               - Undefined Weak Reference
    _microlib_exit                            - Undefined Weak Reference
    __Vectors_Size                           0x000000c0   Number         0  arm_startup_nrf51.o ABSOLUTE
    __Vectors                                0x0001c000   Data           4  arm_startup_nrf51.o(RESET)
    __Vectors_End                            0x0001c0c0   Data           0  arm_startup_nrf51.o(RESET)
    __main                                   0x0001c0c1   Thumb Code     0  entry.o(.ARM.Collect$$$$00000000)
    _main_stk                                0x0001c0c1   Thumb Code     0  entry2.o(.ARM.Collect$$$$00000001)
    _main_scatterload                        0x0001c0c5   Thumb Code     0  entry5.o(.ARM.Collect$$$$00000004)
    __main_after_scatterload                 0x0001c0c9   Thumb Code     0  entry5.o(.ARM.Collect$$$$00000004)
    _main_clock                              0x0001c0c9   Thumb Code     0  entry7b.o(.ARM.Collect$$$$00000008)
    _main_cpp_init                           0x0001c0c9   Thumb Code     0  entry8b.o(.ARM.Collect$$$$0000000A)
    _main_init                               0x0001c0c9   Thumb Code     0  entry9a.o(.ARM.Collect$$$$0000000B)
    __rt_final_cpp                           0x0001c0d1   Thumb Code     0  entry10a.o(.ARM.Collect$$$$0000000D)
    __rt_final_exit                          0x0001c0d1   Thumb Code     0  entry11a.o(.ARM.Collect$$$$0000000F)
    __asm___11_nrf_delay_c_532987f3__nrf_delay_us 0x0001c0d5   Thumb Code    30  nrf_delay.o(.emb_text)
    __asm___11_app_timer_c_cd27f9c3__nrf_delay_us 0x0001c0f5   Thumb Code    30  app_timer.o(.emb_text)
    Reset_Handler                            0x0001c115   Thumb Code    26  arm_startup_nrf51.o(.text)
    NMI_Handler                              0x0001c12f   Thumb Code     2  arm_startup_nrf51.o(.text)
    SVC_Handler                              0x0001c133   Thumb Code     2  arm_startup_nrf51.o(.text)
    PendSV_Handler                           0x0001c135   Thumb Code     2  arm_startup_nrf51.o(.text)
    SysTick_Handler                          0x0001c137   Thumb Code     2  arm_startup_nrf51.o(.text)
    ADC_IRQHandler                           0x0001c139   Thumb Code     0  arm_startup_nrf51.o(.text)
    CCM_AAR_IRQHandler                       0x0001c139   Thumb Code     0  arm_startup_nrf51.o(.text)
    ECB_IRQHandler                           0x0001c139   Thumb Code     0  arm_startup_nrf51.o(.text)
    LPCOMP_IRQHandler                        0x0001c139   Thumb Code     0  arm_startup_nrf51.o(.text)
    POWER_CLOCK_IRQHandler                   0x0001c139   Thumb Code     0  arm_startup_nrf51.o(.text)
    QDEC_IRQHandler                          0x0001c139   Thumb Code     0  arm_startup_nrf51.o(.text)
    RADIO_IRQHandler                         0x0001c139   Thumb Code     0  arm_startup_nrf51.o(.text)
    RNG_IRQHandler                           0x0001c139   Thumb Code     0  arm_startup_nrf51.o(.text)
    RTC0_IRQHandler                          0x0001c139   Thumb Code     0  arm_startup_nrf51.o(.text)
    SPI0_TWI0_IRQHandler                     0x0001c139   Thumb Code     0  arm_startup_nrf51.o(.text)
    SPI1_TWI1_IRQHandler                     0x0001c139   Thumb Code     0  arm_startup_nrf51.o(.text)
    SWI1_IRQHandler                          0x0001c139   Thumb Code     0  arm_startup_nrf51.o(.text)
    SWI3_IRQHandler                          0x0001c139   Thumb Code     0  arm_startup_nrf51.o(.text)
    SWI4_IRQHandler                          0x0001c139   Thumb Code     0  arm_startup_nrf51.o(.text)
    SWI5_IRQHandler                          0x0001c139   Thumb Code     0  arm_startup_nrf51.o(.text)
    TEMP_IRQHandler                          0x0001c139   Thumb Code     0  arm_startup_nrf51.o(.text)
    TIMER0_IRQHandler                        0x0001c139   Thumb Code     0  arm_startup_nrf51.o(.text)
    TIMER1_IRQHandler                        0x0001c139   Thumb Code     0  arm_startup_nrf51.o(.text)
    TIMER2_IRQHandler                        0x0001c139   Thumb Code     0  arm_startup_nrf51.o(.text)
    __aeabi_uidiv                            0x0001c14d   Thumb Code     0  uidiv.o(.text)
    __aeabi_uidivmod                         0x0001c14d   Thumb Code    44  uidiv.o(.text)
    __aeabi_idiv                             0x0001c179   Thumb Code     0  idiv.o(.text)
    __aeabi_idivmod                          0x0001c179   Thumb Code    40  idiv.o(.text)
    __aeabi_uldivmod                         0x0001c1a1   Thumb Code    96  uldiv.o(.text)
    ___aeabi_memcpy8$move                    0x0001c201   Thumb Code     0  memmovea.o(.text)
    __aeabi_memcpy                           0x0001c201   Thumb Code    64  memmovea.o(.text)
    __aeabi_memcpy4                          0x0001c201   Thumb Code     0  memmovea.o(.text)
    __aeabi_memmove                          0x0001c201   Thumb Code     0  memmovea.o(.text)
    __aeabi_memmove4                         0x0001c201   Thumb Code     0  memmovea.o(.text)
    __aeabi_memmove8                         0x0001c201   Thumb Code     0  memmovea.o(.text)
    __aeabi_memset                           0x0001c241   Thumb Code    14  memseta.o(.text)
    __aeabi_memset4                          0x0001c241   Thumb Code     0  memseta.o(.text)
    __aeabi_memset8                          0x0001c241   Thumb Code     0  memseta.o(.text)
    __aeabi_memclr                           0x0001c24f   Thumb Code     4  memseta.o(.text)
    __aeabi_memclr4                          0x0001c24f   Thumb Code     0  memseta.o(.text)
    __aeabi_memclr8                          0x0001c24f   Thumb Code     0  memseta.o(.text)
    _memset$wrapper                          0x0001c253   Thumb Code    18  memseta.o(.text)
    strlen                                   0x0001c265   Thumb Code    14  strlen.o(.text)
    memcmp                                   0x0001c273   Thumb Code    26  memcmp.o(.text)
    __aeabi_llsl                             0x0001c28d   Thumb Code    32  llshl.o(.text)
    _ll_shift_l                              0x0001c28d   Thumb Code     0  llshl.o(.text)
    __aeabi_llsr                             0x0001c2ad   Thumb Code    34  llushr.o(.text)
    _ll_ushift_r                             0x0001c2ad   Thumb Code     0  llushr.o(.text)
    __scatterload                            0x0001c2d1   Thumb Code    28  init.o(.text)
    __scatterload_rt2                        0x0001c2d1   Thumb Code     0  init.o(.text)
    __decompress                             0x0001c2f5   Thumb Code     0  __dczerorl2.o(.text)
    __decompress1                            0x0001c2f5   Thumb Code    86  __dczerorl2.o(.text)
    GPIOTE_IRQHandler                        0x0001c361   Thumb Code   234  nrf_drv_gpiote.o(i.GPIOTE_IRQHandler)
    HardFault_Handler                        0x0001c469   Thumb Code    16  debug_utils.o(i.HardFault_Handler)
    RTC1_IRQHandler                          0x0001c4f9   Thumb Code    28  app_timer.o(i.RTC1_IRQHandler)
    SEGGER_RTT_Write                         0x0001c519   Thumb Code   140  segger_rtt.o(i.SEGGER_RTT_Write)
    SEGGER_RTT_printf                        0x0001c5a9   Thumb Code    24  segger_rtt_printf.o(i.SEGGER_RTT_printf)
    SEGGER_RTT_vprintf                       0x0001c5c1   Thumb Code   398  segger_rtt_printf.o(i.SEGGER_RTT_vprintf)
    SWI0_IRQHandler                          0x0001c74f   Thumb Code     8  app_timer.o(i.SWI0_IRQHandler)
    SWI2_IRQHandler                          0x0001c759   Thumb Code    34  softdevice_handler.o(i.SWI2_IRQHandler)
    SystemInit                               0x0001c801   Thumb Code    64  system_nrf51.o(i.SystemInit)
    UART0_IRQHandler                         0x0001c855   Thumb Code   244  nrf_drv_uart.o(i.UART0_IRQHandler)
    WDT_IRQHandler                           0x0001c959   Thumb Code    26  nrf_drv_wdt.o(i.WDT_IRQHandler)
    __ARM_common_switch8                     0x0001cb67   Thumb Code    26  user_drv_console.o(i.__ARM_common_switch8)
    __scatterload_copy                       0x0001cb81   Thumb Code    14  handlers.o(i.__scatterload_copy)
    __scatterload_null                       0x0001cb8f   Thumb Code     2  handlers.o(i.__scatterload_null)
    __scatterload_zeroinit                   0x0001cb91   Thumb Code    14  handlers.o(i.__scatterload_zeroinit)
    adv_data_encode                          0x0001cbc9   Thumb Code   534  ble_advdata.o(i.adv_data_encode)
    app_beacon_get_manuf_data                0x0001ce51   Thumb Code    60  advertiser_ibeacon.o(i.app_beacon_get_manuf_data)
    app_beacon_init                          0x0001ce91   Thumb Code    76  advertiser_ibeacon.o(i.app_beacon_init)
    app_beacon_scanner_init                  0x0001cee1   Thumb Code    50  scanner_beacon.o(i.app_beacon_scanner_init)
    app_beacon_scanner_start                 0x0001cf19   Thumb Code    22  scanner_beacon.o(i.app_beacon_scanner_start)
    app_button_enable                        0x0001cf35   Thumb Code    32  app_button.o(i.app_button_enable)
    app_button_init                          0x0001cf59   Thumb Code   100  app_button.o(i.app_button_init)
    app_error_handler                        0x0001cfcd   Thumb Code    22  debug_utils.o(i.app_error_handler)
    app_fifo_get                             0x0001d011   Thumb Code    22  app_fifo.o(i.app_fifo_get)
    app_fifo_init                            0x0001d027   Thumb Code    36  app_fifo.o(i.app_fifo_init)
    app_fifo_put                             0x0001d04b   Thumb Code    26  app_fifo.o(i.app_fifo_put)
    app_gpiote_init                          0x0001d065   Thumb Code    60  app_gpiote.o(i.app_gpiote_init)
    app_rfid_on_sys_evt                      0x0001d0f1   Thumb Code    62  advertiser_beacon_timeslot.o(i.app_rfid_on_sys_evt)
    app_sched_event_put                      0x0001d179   Thumb Code   240  app_scheduler.o(i.app_sched_event_put)
    app_sched_execute                        0x0001d27d   Thumb Code    30  app_scheduler.o(i.app_sched_execute)
    app_sched_init                           0x0001d29d   Thumb Code    40  app_scheduler.o(i.app_sched_init)
    app_timer_create                         0x0001d2c9   Thumb Code    40  app_timer.o(i.app_timer_create)
    app_timer_init                           0x0001d2f5   Thumb Code   126  app_timer.o(i.app_timer_init)
    app_timer_start                          0x0001d385   Thumb Code   114  app_timer.o(i.app_timer_start)
    app_timer_stop                           0x0001d401   Thumb Code    78  app_timer.o(i.app_timer_stop)
    app_uart_get                             0x0001d455   Thumb Code    44  app_uart_fifo.o(i.app_uart_get)
    app_uart_init                            0x0001d489   Thumb Code   144  app_uart_fifo.o(i.app_uart_init)
    app_uart_put                             0x0001d529   Thumb Code    30  app_uart_fifo.o(i.app_uart_put)
    beacon_next_scan_timer_start             0x0001d5c5   Thumb Code    92  main.o(i.beacon_next_scan_timer_start)
    beacon_scan_timer_stop                   0x0001d6b9   Thumb Code    38  main.o(i.beacon_scan_timer_stop)
    ble_advdata_set                          0x0001d759   Thumb Code   104  ble_advdata.o(i.ble_advdata_set)
    ble_conn_params_init                     0x0001d7c1   Thumb Code    68  ble_conn_params.o(i.ble_conn_params_init)
    ble_conn_params_on_ble_evt               0x0001d815   Thumb Code   132  ble_conn_params.o(i.ble_conn_params_on_ble_evt)
    ble_dis_init                             0x0001d905   Thumb Code   308  ble_dis.o(i.ble_dis_init)
    ble_srv_ascii_to_utf8                    0x0001db05   Thumb Code    18  ble_srv_common.o(i.ble_srv_ascii_to_utf8)
    intern_softdevice_events_execute         0x0001e41d   Thumb Code   124  softdevice_handler.o(i.intern_softdevice_events_execute)
    m_request_earliest                       0x0001e739   Thumb Code    32  advertiser_beacon_timeslot.o(i.m_request_earliest)
    main                                     0x0001e761   Thumb Code   462  main.o(i.main)
    nrf_delay_ms                             0x0001eabd   Thumb Code    24  nrf_delay.o(i.nrf_delay_ms)
    nrf_drv_common_irq_enable                0x0001ead9   Thumb Code    78  nrf_drv_common.o(i.nrf_drv_common_irq_enable)
    nrf_drv_gpiote_in_event_enable           0x0001eb39   Thumb Code   138  nrf_drv_gpiote.o(i.nrf_drv_gpiote_in_event_enable)
    nrf_drv_gpiote_in_init                   0x0001ebd9   Thumb Code   146  nrf_drv_gpiote.o(i.nrf_drv_gpiote_in_init)
    nrf_drv_gpiote_in_is_set                 0x0001ec7d   Thumb Code    16  nrf_drv_gpiote.o(i.nrf_drv_gpiote_in_is_set)
    nrf_drv_gpiote_init                      0x0001ec91   Thumb Code    76  nrf_drv_gpiote.o(i.nrf_drv_gpiote_init)
    nrf_drv_gpiote_is_init                   0x0001ece5   Thumb Code    12  nrf_drv_gpiote.o(i.nrf_drv_gpiote_is_init)
    nrf_drv_uart_init                        0x0001ecf5   Thumb Code   152  nrf_drv_uart.o(i.nrf_drv_uart_init)
    nrf_drv_uart_rx                          0x0001eda5   Thumb Code   166  nrf_drv_uart.o(i.nrf_drv_uart_rx)
    nrf_drv_uart_rx_enable                   0x0001ee59   Thumb Code    20  nrf_drv_uart.o(i.nrf_drv_uart_rx_enable)
    nrf_drv_uart_tx                          0x0001ee71   Thumb Code   130  nrf_drv_uart.o(i.nrf_drv_uart_tx)
    nrf_drv_wdt_channel_alloc                0x0001eefd   Thumb Code   160  nrf_drv_wdt.o(i.nrf_drv_wdt_channel_alloc)
    nrf_drv_wdt_channel_feed                 0x0001efed   Thumb Code    12  nrf_drv_wdt.o(i.nrf_drv_wdt_channel_feed)
    nrf_drv_wdt_enable                       0x0001f001   Thumb Code    20  nrf_drv_wdt.o(i.nrf_drv_wdt_enable)
    nrf_drv_wdt_init                         0x0001f021   Thumb Code    60  nrf_drv_wdt.o(i.nrf_drv_wdt_init)
    nvm_load                                 0x0001f15d   Thumb Code    56  flash_opt.o(i.nvm_load)
    nvm_storage_init                         0x0001f311   Thumb Code    46  flash_opt.o(i.nvm_storage_init)
    nvm_write                                0x0001f361   Thumb Code    88  flash_opt.o(i.nvm_write)
    nvm_write_radio_parm_info_write_complete_cb 0x0001f5a9   Thumb Code   234  user_drv_console.o(i.nvm_write_radio_parm_info_write_complete_cb)
    pstorage_block_identifier_get            0x0001fbbd   Thumb Code    74  pstorage.o(i.pstorage_block_identifier_get)
    pstorage_init                            0x0001fc41   Thumb Code    68  pstorage.o(i.pstorage_init)
    pstorage_load                            0x0001fc8d   Thumb Code   158  pstorage.o(i.pstorage_load)
    pstorage_register                        0x0001fd35   Thumb Code   180  pstorage.o(i.pstorage_register)
    pstorage_sys_event_handler               0x0001fdf1   Thumb Code    72  pstorage.o(i.pstorage_sys_event_handler)
    pstorage_update                          0x0001fe3d   Thumb Code   134  pstorage.o(i.pstorage_update)
    rui_save_scan_beacon_sta                 0x000201ad   Thumb Code    64  user_drv_console.o(i.rui_save_scan_beacon_sta)
    softdevice_assertion_handler             0x00020405   Thumb Code    12  softdevice_handler.o(i.softdevice_assertion_handler)
    softdevice_ble_evt_handler_set           0x00020411   Thumb Code    16  softdevice_handler.o(i.softdevice_ble_evt_handler_set)
    softdevice_handler_init                  0x00020425   Thumb Code    40  softdevice_handler.o(i.softdevice_handler_init)
    softdevice_sys_evt_handler_set           0x00020455   Thumb Code    16  softdevice_handler.o(i.softdevice_sys_evt_handler_set)
    uart_event_handle                        0x00020911   Thumb Code    54  main.o(i.uart_event_handle)
    uart_process                             0x00020a05   Thumb Code   486  user_drv_console.o(i.uart_process)
    uart_receive_handle                      0x00020d2d   Thumb Code   152  user_drv_console.o(i.uart_receive_handle)
    wdt_event_handler                        0x00020fc9   Thumb Code    12  main.o(i.wdt_event_handler)
    Region$$Table$$Base                      0x000211c8   Number         0  anon$$obj.o(Region$$Table)
    Region$$Table$$Limit                     0x000211e8   Number         0  anon$$obj.o(Region$$Table)
    m_beacon_num                             0x20002800   Data           1  main.o(.data)
    m_last_beacon_num                        0x20002801   Data           1  main.o(.data)
    m_channel_id                             0x20002804   Data           1  main.o(.data)
    m_baby_id_info                           0x20002808   Data           4  main.o(.data)
    m_beacon_start_sta                       0x2000280c   Data           4  main.o(.data)
    base_flash_handle                        0x20002824   Data           8  flash_opt.o(.data)
    BeaconUnReadNum                          0x2000282c   Data           1  user_drv_console.o(.data)
    m_uart_protocol_interface                0x2000283c   Data          16  user_drv_console.o(.data)
    SystemCoreClock                          0x200029c8   Data           4  system_nrf51.o(.data)
    m_maclist                                0x20002a58   Data         140  main.o(.bss)
    m_last_maclist                           0x20002ae4   Data         140  main.o(.bss)
    m_radio_parm_info                        0x20002f48   Data          48  main.o(.bss)
    __initial_sp                             0x20003ef8   Data           0  arm_startup_nrf51.o(STACK)



==============================================================================

Memory Map of the image

  Image Entry point : 0x0001c0c1

  Load Region LR_IROM1 (Base: 0x0001c000, Size: 0x000053b4, Max: 0x00024000, ABSOLUTE, COMPRESSED[0x00005230])

    Execution Region ER_IROM1 (Base: 0x0001c000, Size: 0x000051e8, Max: 0x00024000, ABSOLUTE)

    Base Addr    Size         Type   Attr      Idx    E Section Name        Object

    0x0001c000   0x000000c0   Data   RO         2888    RESET               arm_startup_nrf51.o
    0x0001c0c0   0x00000000   Code   RO         2930  * .ARM.Collect$$$$00000000  mc_p.l(entry.o)
    0x0001c0c0   0x00000004   Code   RO         2955    .ARM.Collect$$$$00000001  mc_p.l(entry2.o)
    0x0001c0c4   0x00000004   Code   RO         2958    .ARM.Collect$$$$00000004  mc_p.l(entry5.o)
    0x0001c0c8   0x00000000   Code   RO         2960    .ARM.Collect$$$$00000008  mc_p.l(entry7b.o)
    0x0001c0c8   0x00000000   Code   RO         2962    .ARM.Collect$$$$0000000A  mc_p.l(entry8b.o)
    0x0001c0c8   0x00000008   Code   RO         2963    .ARM.Collect$$$$0000000B  mc_p.l(entry9a.o)
    0x0001c0d0   0x00000000   Code   RO         2965    .ARM.Collect$$$$0000000D  mc_p.l(entry10a.o)
    0x0001c0d0   0x00000000   Code   RO         2967    .ARM.Collect$$$$0000000F  mc_p.l(entry11a.o)
    0x0001c0d0   0x00000004   Code   RO         2956    .ARM.Collect$$$$00002712  mc_p.l(entry2.o)
    0x0001c0d4   0x0000001e   Code   RO         1452    .emb_text           nrf_delay.o
    0x0001c0f2   0x00000002   PAD
    0x0001c0f4   0x0000001e   Code   RO         2279    .emb_text           app_timer.o
    0x0001c112   0x00000002   PAD
    0x0001c114   0x00000038   Code   RO         2889    .text               arm_startup_nrf51.o
    0x0001c14c   0x0000002c   Code   RO         2933    .text               mc_p.l(uidiv.o)
    0x0001c178   0x00000028   Code   RO         2935    .text               mc_p.l(idiv.o)
    0x0001c1a0   0x00000060   Code   RO         2937    .text               mc_p.l(uldiv.o)
    0x0001c200   0x00000040   Code   RO         2941    .text               mc_p.l(memmovea.o)
    0x0001c240   0x00000024   Code   RO         2943    .text               mc_p.l(memseta.o)
    0x0001c264   0x0000000e   Code   RO         2945    .text               mc_p.l(strlen.o)
    0x0001c272   0x0000001a   Code   RO         2947    .text               mc_p.l(memcmp.o)
    0x0001c28c   0x00000020   Code   RO         2969    .text               mc_p.l(llshl.o)
    0x0001c2ac   0x00000022   Code   RO         2971    .text               mc_p.l(llushr.o)
    0x0001c2ce   0x00000002   PAD
    0x0001c2d0   0x00000024   Code   RO         2973    .text               mc_p.l(init.o)
    0x0001c2f4   0x00000056   Code   RO         2983    .text               mc_p.l(__dczerorl2.o)
    0x0001c34a   0x00000016   Code   RO          626    i.CalculateCheckValue  user_drv_console.o
    0x0001c360   0x00000108   Code   RO         1508    i.GPIOTE_IRQHandler  nrf_drv_gpiote.o
    0x0001c468   0x00000030   Code   RO          538    i.HardFault_Handler  debug_utils.o
    0x0001c498   0x00000044   Code   RO         2280    i.NVIC_SetPriority  app_timer.o
    0x0001c4dc   0x0000001c   Code   RO          627    i.NVIC_SystemReset  user_drv_console.o
    0x0001c4f8   0x00000020   Code   RO         2281    i.RTC1_IRQHandler   app_timer.o
    0x0001c518   0x00000090   Code   RO         2722    i.SEGGER_RTT_Write  segger_rtt.o
    0x0001c5a8   0x00000018   Code   RO         2792    i.SEGGER_RTT_printf  segger_rtt_printf.o
    0x0001c5c0   0x0000018e   Code   RO         2793    i.SEGGER_RTT_vprintf  segger_rtt_printf.o
    0x0001c74e   0x00000008   Code   RO         2282    i.SWI0_IRQHandler   app_timer.o
    0x0001c756   0x00000002   PAD
    0x0001c758   0x0000002c   Code   RO         2641    i.SWI2_IRQHandler   softdevice_handler.o
    0x0001c784   0x0000007c   Code   RO          628    i.SendUartData      user_drv_console.o
    0x0001c800   0x00000054   Code   RO         2896    i.SystemInit        system_nrf51.o
    0x0001c854   0x00000104   Code   RO         2010    i.UART0_IRQHandler  nrf_drv_uart.o
    0x0001c958   0x00000028   Code   RO         1945    i.WDT_IRQHandler    nrf_drv_wdt.o
    0x0001c980   0x000000c4   Code   RO         2794    i._PrintInt         segger_rtt_printf.o
    0x0001ca44   0x000000e4   Code   RO         2795    i._PrintUnsigned    segger_rtt_printf.o
    0x0001cb28   0x0000003e   Code   RO         2796    i._StoreChar        segger_rtt_printf.o
    0x0001cb66   0x0000001a   Code   RO          703    i.__ARM_common_switch8  user_drv_console.o
    0x0001cb80   0x0000000e   Code   RO         2977    i.__scatterload_copy  mc_p.l(handlers.o)
    0x0001cb8e   0x00000002   Code   RO         2978    i.__scatterload_null  mc_p.l(handlers.o)
    0x0001cb90   0x0000000e   Code   RO         2979    i.__scatterload_zeroinit  mc_p.l(handlers.o)
    0x0001cb9e   0x00000002   PAD
    0x0001cba0   0x00000028   Code   RO          187    i.action_uart_disable  main.o
    0x0001cbc8   0x00000216   Code   RO          774    i.adv_data_encode   ble_advdata.o
    0x0001cdde   0x00000002   PAD
    0x0001cde0   0x00000070   Code   RO          188    i.advertising_init  main.o
    0x0001ce50   0x00000040   Code   RO         2829    i.app_beacon_get_manuf_data  advertiser_ibeacon.o
    0x0001ce90   0x00000050   Code   RO         2830    i.app_beacon_init   advertiser_ibeacon.o
    0x0001cee0   0x00000038   Code   RO          721    i.app_beacon_scanner_init  scanner_beacon.o
    0x0001cf18   0x0000001c   Code   RO          724    i.app_beacon_scanner_start  scanner_beacon.o
    0x0001cf34   0x00000024   Code   RO         2158    i.app_button_enable  app_button.o
    0x0001cf58   0x00000074   Code   RO         2159    i.app_button_init   app_button.o
    0x0001cfcc   0x00000044   Code   RO          539    i.app_error_handler  debug_utils.o
    0x0001d010   0x00000016   Code   RO         2223    i.app_fifo_get      app_fifo.o
    0x0001d026   0x00000024   Code   RO         2224    i.app_fifo_init     app_fifo.o
    0x0001d04a   0x0000001a   Code   RO         2225    i.app_fifo_put      app_fifo.o
    0x0001d064   0x00000040   Code   RO         2561    i.app_gpiote_init   app_gpiote.o
    0x0001d0a4   0x0000002c   Code   RO         1704    i.app_notify        pstorage.o
    0x0001d0d0   0x00000020   Code   RO         1705    i.app_notify_error_state_transit  pstorage.o
    0x0001d0f0   0x00000044   Code   RO            4    i.app_rfid_on_sys_evt  advertiser_beacon_timeslot.o
    0x0001d134   0x00000044   Code   RO         2459    i.app_sched_event_get  app_scheduler.o
    0x0001d178   0x00000104   Code   RO         2460    i.app_sched_event_put  app_scheduler.o
    0x0001d27c   0x0000001e   Code   RO         2461    i.app_sched_execute  app_scheduler.o
    0x0001d29a   0x00000002   PAD
    0x0001d29c   0x0000002c   Code   RO         2462    i.app_sched_init    app_scheduler.o
    0x0001d2c8   0x0000002c   Code   RO         2285    i.app_timer_create  app_timer.o
    0x0001d2f4   0x00000090   Code   RO         2286    i.app_timer_init    app_timer.o
    0x0001d384   0x0000007c   Code   RO         2287    i.app_timer_start   app_timer.o
    0x0001d400   0x00000054   Code   RO         2288    i.app_timer_stop    app_timer.o
    0x0001d454   0x00000034   Code   RO         2501    i.app_uart_get      app_uart_fifo.o
    0x0001d488   0x000000a0   Code   RO         2502    i.app_uart_init     app_uart_fifo.o
    0x0001d528   0x00000028   Code   RO         2503    i.app_uart_put      app_uart_fifo.o
    0x0001d550   0x00000054   Code   RO          190    i.beacon_adv_init   main.o
    0x0001d5a4   0x00000020   Code   RO          191    i.beacon_evt_handler  main.o
    0x0001d5c4   0x000000a0   Code   RO          192    i.beacon_next_scan_timer_start  main.o
    0x0001d664   0x00000054   Code   RO          193    i.beacon_scan_start  main.o
    0x0001d6b8   0x0000005c   Code   RO          194    i.beacon_scan_timer_stop  main.o
    0x0001d714   0x00000044   Code   RO          195    i.beacon_scanner_error_handler  main.o
    0x0001d758   0x00000068   Code   RO          775    i.ble_advdata_set   ble_advdata.o
    0x0001d7c0   0x00000054   Code   RO          971    i.ble_conn_params_init  ble_conn_params.o
    0x0001d814   0x00000090   Code   RO          972    i.ble_conn_params_on_ble_evt  ble_conn_params.o
    0x0001d8a4   0x0000005e   Code   RO          776    i.ble_device_addr_encode  ble_advdata.o
    0x0001d902   0x00000002   PAD
    0x0001d904   0x00000140   Code   RO         1033    i.ble_dis_init      ble_dis.o
    0x0001da44   0x00000010   Code   RO          196    i.ble_evt_dispatch  main.o
    0x0001da54   0x000000b0   Code   RO          629    i.ble_parm_check    user_drv_console.o
    0x0001db04   0x00000012   Code   RO         1141    i.ble_srv_ascii_to_utf8  ble_srv_common.o
    0x0001db16   0x00000002   PAD
    0x0001db18   0x00000074   Code   RO          197    i.ble_stack_init    main.o
    0x0001db8c   0x00000080   Code   RO          199    i.button_handler    main.o
    0x0001dc0c   0x0000001c   Code   RO         1509    i.channel_free      nrf_drv_gpiote.o
    0x0001dc28   0x00000048   Code   RO         1510    i.channel_port_alloc  nrf_drv_gpiote.o
    0x0001dc70   0x00000010   Code   RO         1511    i.channel_port_get  nrf_drv_gpiote.o
    0x0001dc80   0x000000a4   Code   RO         1034    i.char_add          ble_dis.o
    0x0001dd24   0x00000104   Code   RO         1706    i.clear_operation_execute  pstorage.o
    0x0001de28   0x00000024   Code   RO         1707    i.clear_post_processing_run  pstorage.o
    0x0001de4c   0x00000038   Code   RO         1708    i.cmd_process       pstorage.o
    0x0001de84   0x00000020   Code   RO         1709    i.cmd_queue_element_init  pstorage.o
    0x0001dea4   0x0000004c   Code   RO         1710    i.cmd_queue_enqueue  pstorage.o
    0x0001def0   0x0000003c   Code   RO         1711    i.command_end_procedure_run  pstorage.o
    0x0001df2c   0x000000a8   Code   RO         2290    i.compare_reg_update  app_timer.o
    0x0001dfd4   0x00000088   Code   RO          777    i.conn_int_encode   ble_advdata.o
    0x0001e05c   0x00000020   Code   RO          200    i.conn_params_error_handler  main.o
    0x0001e07c   0x00000068   Code   RO          974    i.conn_params_negotiation  ble_conn_params.o
    0x0001e0e4   0x00000054   Code   RO         1712    i.data_page_erase_state_run  pstorage.o
    0x0001e138   0x00000028   Code   RO         1713    i.data_to_swap_write_state_run  pstorage.o
    0x0001e160   0x00000060   Code   RO         2161    i.detection_delay_timeout_handler  app_button.o
    0x0001e1c0   0x00000040   Code   RO         2291    i.elapsed_ticks_acquire  app_timer.o
    0x0001e200   0x00000014   Code   RO         2228    i.fifo_get          app_fifo.o
    0x0001e214   0x00000012   Code   RO         2229    i.fifo_put          app_fifo.o
    0x0001e226   0x00000002   PAD
    0x0001e228   0x00000020   Code   RO         1714    i.flash_api_err_code_process  pstorage.o
    0x0001e248   0x00000080   Code   RO         1715    i.flash_operation_success_run  pstorage.o
    0x0001e2c8   0x0000000a   Code   RO         1716    i.flash_page_erase  pstorage.o
    0x0001e2d2   0x0000000a   Code   RO         1717    i.flash_write       pstorage.o
    0x0001e2dc   0x00000078   Code   RO          201    i.gap_params_init   main.o
    0x0001e354   0x00000050   Code   RO         2162    i.gpiote_event_handler  app_button.o
    0x0001e3a4   0x00000078   Code   RO         1718    i.head_restore_state_run  pstorage.o
    0x0001e41c   0x00000084   Code   RO         2642    i.intern_softdevice_events_execute  softdevice_handler.o
    0x0001e4a0   0x0000001c   Code   RO          975    i.is_conn_params_ok  ble_conn_params.o
    0x0001e4bc   0x00000048   Code   RO         2897    i.is_manual_peripheral_setup_needed  system_nrf51.o
    0x0001e504   0x00000044   Code   RO         1719    i.is_page_erase_required  pstorage.o
    0x0001e548   0x0000000c   Code   RO         1720    i.is_word_aligned   pstorage.o
    0x0001e554   0x00000054   Code   RO          778    i.le_role_encode    ble_advdata.o
    0x0001e5a8   0x000000bc   Code   RO         2292    i.list_deletions_handler  app_timer.o
    0x0001e664   0x000000d4   Code   RO         2293    i.list_insertions_handler  app_timer.o
    0x0001e738   0x00000028   Code   RO           12    i.m_request_earliest  advertiser_beacon_timeslot.o
    0x0001e760   0x0000023c   Code   RO          203    i.main              main.o
    0x0001e99c   0x00000018   Code   RO         1721    i.main_state_err_busy_process  pstorage.o
    0x0001e9b4   0x00000068   Code   RO          779    i.manuf_specific_data_encode  ble_advdata.o
    0x0001ea1c   0x0000009e   Code   RO          780    i.name_encode       ble_advdata.o
    0x0001eaba   0x00000002   PAD
    0x0001eabc   0x0000001c   Code   RO         1453    i.nrf_delay_ms      nrf_delay.o
    0x0001ead8   0x00000060   Code   RO         1479    i.nrf_drv_common_irq_enable  nrf_drv_common.o
    0x0001eb38   0x000000a0   Code   RO         1514    i.nrf_drv_gpiote_in_event_enable  nrf_drv_gpiote.o
    0x0001ebd8   0x000000a4   Code   RO         1515    i.nrf_drv_gpiote_in_init  nrf_drv_gpiote.o
    0x0001ec7c   0x00000014   Code   RO         1516    i.nrf_drv_gpiote_in_is_set  nrf_drv_gpiote.o
    0x0001ec90   0x00000054   Code   RO         1518    i.nrf_drv_gpiote_init  nrf_drv_gpiote.o
    0x0001ece4   0x00000010   Code   RO         1519    i.nrf_drv_gpiote_is_init  nrf_drv_gpiote.o
    0x0001ecf4   0x000000b0   Code   RO         2012    i.nrf_drv_uart_init  nrf_drv_uart.o
    0x0001eda4   0x000000b4   Code   RO         2013    i.nrf_drv_uart_rx   nrf_drv_uart.o
    0x0001ee58   0x00000018   Code   RO         2016    i.nrf_drv_uart_rx_enable  nrf_drv_uart.o
    0x0001ee70   0x0000008c   Code   RO         2017    i.nrf_drv_uart_tx   nrf_drv_uart.o
    0x0001eefc   0x000000f0   Code   RO         1946    i.nrf_drv_wdt_channel_alloc  nrf_drv_wdt.o
    0x0001efec   0x00000014   Code   RO         1947    i.nrf_drv_wdt_channel_feed  nrf_drv_wdt.o
    0x0001f000   0x00000020   Code   RO         1948    i.nrf_drv_wdt_enable  nrf_drv_wdt.o
    0x0001f020   0x00000048   Code   RO         1950    i.nrf_drv_wdt_init  nrf_drv_wdt.o
    0x0001f068   0x00000024   Code   RO          204    i.nrf_gpio_cfg      main.o
    0x0001f08c   0x00000024   Code   RO         1531    i.nrf_gpio_cfg      nrf_drv_gpiote.o
    0x0001f0b0   0x00000024   Code   RO         2020    i.nrf_gpio_cfg      nrf_drv_uart.o
    0x0001f0d4   0x00000012   Code   RO          205    i.nrf_gpio_cfg_default  main.o
    0x0001f0e6   0x00000012   Code   RO         2022    i.nrf_gpio_cfg_input  nrf_drv_uart.o
    0x0001f0f8   0x00000014   Code   RO         2023    i.nrf_gpio_cfg_output  nrf_drv_uart.o
    0x0001f10c   0x00000020   Code   RO         1533    i.nrf_gpio_cfg_sense_set  nrf_drv_gpiote.o
    0x0001f12c   0x00000014   Code   RO         1534    i.nrf_gpiote_event_is_set  nrf_drv_gpiote.o
    0x0001f140   0x0000000a   Code   RO         2024    i.nrf_uart_event_check  nrf_drv_uart.o
    0x0001f14a   0x00000010   Code   RO         2025    i.nrf_uart_int_enable_check  nrf_drv_uart.o
    0x0001f15a   0x00000002   PAD
    0x0001f15c   0x00000054   Code   RO          571    i.nvm_load          flash_opt.o
    0x0001f1b0   0x00000160   Code   RO          572    i.nvm_pstorage_cb_handler  flash_opt.o
    0x0001f310   0x00000050   Code   RO          573    i.nvm_storage_init  flash_opt.o
    0x0001f360   0x00000078   Code   RO          574    i.nvm_write         flash_opt.o
    0x0001f3d8   0x000000e8   Code   RO          630    i.nvm_write_baby_id_info_write_complete_cb  user_drv_console.o
    0x0001f4c0   0x000000e8   Code   RO          631    i.nvm_write_beacon_scan_sta_complete_cb  user_drv_console.o
    0x0001f5a8   0x00000268   Code   RO          632    i.nvm_write_radio_parm_info_write_complete_cb  user_drv_console.o
    0x0001f810   0x00000304   Code   RO          206    i.on_ble_evt        main.o
    0x0001fb14   0x00000034   Code   RO          207    i.on_conn_params_evt  main.o
    0x0001fb48   0x00000018   Code   RO         1535    i.pin_in_use_by_port  nrf_drv_gpiote.o
    0x0001fb60   0x00000018   Code   RO         1536    i.pin_in_use_by_te  nrf_drv_gpiote.o
    0x0001fb78   0x00000044   Code   RO         1035    i.pnp_id_encode     ble_dis.o
    0x0001fbbc   0x00000054   Code   RO         1723    i.pstorage_block_identifier_get  pstorage.o
    0x0001fc10   0x00000024   Code   RO         1725    i.pstorage_flash_page_end  pstorage.o
    0x0001fc34   0x0000000a   Code   RO         1726    i.pstorage_flash_page_size  pstorage.o
    0x0001fc3e   0x00000002   PAD
    0x0001fc40   0x0000004c   Code   RO         1727    i.pstorage_init     pstorage.o
    0x0001fc8c   0x000000a8   Code   RO         1728    i.pstorage_load     pstorage.o
    0x0001fd34   0x000000bc   Code   RO         1729    i.pstorage_register  pstorage.o
    0x0001fdf0   0x0000004c   Code   RO         1731    i.pstorage_sys_event_handler  pstorage.o
    0x0001fe3c   0x00000090   Code   RO         1732    i.pstorage_update   pstorage.o
    0x0001fecc   0x0000029c   Code   RO          633    i.radio_parm_check  user_drv_console.o
    0x00020168   0x00000044   Code   RO         2294    i.rtc1_stop         app_timer.o
    0x000201ac   0x0000007c   Code   RO          634    i.rui_save_scan_beacon_sta  user_drv_console.o
    0x00020228   0x0000002c   Code   RO         2026    i.rx_byte           nrf_drv_uart.o
    0x00020254   0x00000020   Code   RO         2027    i.rx_done_event     nrf_drv_uart.o
    0x00020274   0x0000001c   Code   RO         2028    i.rx_enable         nrf_drv_uart.o
    0x00020290   0x0000008e   Code   RO          781    i.service_data_encode  ble_advdata.o
    0x0002031e   0x00000002   PAD
    0x00020320   0x0000009c   Code   RO          211    i.services_init     main.o
    0x000203bc   0x00000048   Code   RO         1733    i.sm_state_change   pstorage.o
    0x00020404   0x0000000c   Code   RO         2643    i.softdevice_assertion_handler  softdevice_handler.o
    0x00020410   0x00000014   Code   RO         2644    i.softdevice_ble_evt_handler_set  softdevice_handler.o
    0x00020424   0x00000030   Code   RO         2645    i.softdevice_handler_init  softdevice_handler.o
    0x00020454   0x00000014   Code   RO         2648    i.softdevice_sys_evt_handler_set  softdevice_handler.o
    0x00020468   0x00000064   Code   RO         1734    i.state_data_erase_swap_entry_run  pstorage.o
    0x000204cc   0x00000010   Code   RO         1735    i.state_erase_data_page_entry_run  pstorage.o
    0x000204dc   0x00000028   Code   RO         1736    i.state_restore_head_entry_run  pstorage.o
    0x00020504   0x0000004c   Code   RO         1737    i.state_restore_tail_entry_run  pstorage.o
    0x00020550   0x00000020   Code   RO         1738    i.state_swap_erase_entry_run  pstorage.o
    0x00020570   0x00000030   Code   RO         1739    i.state_write_data_swap_entry_run  pstorage.o
    0x000205a0   0x0000005c   Code   RO         1740    i.store_cmd_flash_write_execute  pstorage.o
    0x000205fc   0x0000001c   Code   RO         1741    i.swap_erase_state_run  pstorage.o
    0x00020618   0x00000018   Code   RO         1742    i.swap_sub_state_err_busy_process  pstorage.o
    0x00020630   0x00000014   Code   RO         1743    i.swap_sub_state_state_change  pstorage.o
    0x00020644   0x00000010   Code   RO          212    i.sys_evt_dispatch  main.o
    0x00020654   0x0000005c   Code   RO         1036    i.sys_id_encode     ble_dis.o
    0x000206b0   0x0000001c   Code   RO         1744    i.tail_restore_state_run  pstorage.o
    0x000206cc   0x00000084   Code   RO         2295    i.timer_list_handler  app_timer.o
    0x00020750   0x00000010   Code   RO         2296    i.timer_list_handler_sched  app_timer.o
    0x00020760   0x00000040   Code   RO         2297    i.timer_list_insert  app_timer.o
    0x000207a0   0x000000c0   Code   RO         2298    i.timer_timeouts_check  app_timer.o
    0x00020860   0x00000064   Code   RO          214    i.timers_init       main.o
    0x000208c4   0x0000002c   Code   RO         2029    i.tx_byte           nrf_drv_uart.o
    0x000208f0   0x00000020   Code   RO         2030    i.tx_done_event     nrf_drv_uart.o
    0x00020910   0x00000050   Code   RO          215    i.uart_event_handle  main.o
    0x00020960   0x000000a4   Code   RO         2504    i.uart_event_handler  app_uart_fifo.o
    0x00020a04   0x00000328   Code   RO          635    i.uart_process      user_drv_console.o
    0x00020d2c   0x000000c0   Code   RO          636    i.uart_receive_handle  user_drv_console.o
    0x00020dec   0x0000000c   Code   RO          637    i.uart_schedule_hander  user_drv_console.o
    0x00020df8   0x0000000a   Code   RO          782    i.uint16_encode     ble_advdata.o
    0x00020e02   0x0000000a   Code   RO         2836    i.uint16_encode     advertiser_ibeacon.o
    0x00020e0c   0x00000064   Code   RO          976    i.update_timeout_handler  ble_conn_params.o
    0x00020e70   0x00000054   Code   RO         2299    i.user_id_get       app_timer.o
    0x00020ec4   0x00000026   Code   RO         2300    i.user_op_alloc     app_timer.o
    0x00020eea   0x00000030   Code   RO          783    i.uuid_list_encode  ble_advdata.o
    0x00020f1a   0x000000ae   Code   RO          784    i.uuid_list_sized_encode  ble_advdata.o
    0x00020fc8   0x00000020   Code   RO          216    i.wdt_event_handler  main.o
    0x00020fe8   0x00000010   Code   RO          217    i.wdt_timeout_handler  main.o
    0x00020ff8   0x0000004d   Data   RO          221    .constdata          main.o
    0x00021045   0x00000003   PAD
    0x00021048   0x00000004   Data   RO          979    .constdata          ble_conn_params.o
    0x0002104c   0x00000028   Data   RO         1746    .constdata          pstorage.o
    0x00021074   0x0000000c   Data   RO         1951    .constdata          nrf_drv_wdt.o
    0x00021080   0x00000020   Data   RO         2032    .constdata          nrf_drv_uart.o
    0x000210a0   0x00000008   Data   RO         2164    .constdata          app_button.o
    0x000210a8   0x00000020   Data   RO         2506    .constdata          app_uart_fifo.o
    0x000210c8   0x00000010   Data   RO         2797    .constdata          segger_rtt_printf.o
    0x000210d8   0x00000043   Data   RO         1037    .conststring        ble_dis.o
    0x0002111b   0x00000001   PAD
    0x0002111c   0x00000044   Data   RO         2463    .conststring        app_scheduler.o
    0x00021160   0x0000005a   Data   RO         2649    .conststring        softdevice_handler.o
    0x000211ba   0x00000002   PAD
    0x000211bc   0x00000009   Data   RO         2726    .conststring        segger_rtt.o
    0x000211c5   0x00000003   PAD
    0x000211c8   0x00000020   Data   RO         2975    Region$$Table       anon$$obj.o


    Execution Region RW_IRAM1 (Base: 0x20002800, Size: 0x000016f8, Max: 0x00058000, ABSOLUTE, COMPRESSED[0x00000048])

    Base Addr    Size         Type   Attr      Idx    E Section Name        Object

    0x20002800   0x00000020   Data   RW          222    .data               main.o
    0x20002820   0x0000000c   Data   RW          576    .data               flash_opt.o
    0x2000282c   0x00000020   Data   RW          639    .data               user_drv_console.o
    0x2000284c   0x00000014   Data   RW          980    .data               ble_conn_params.o
    0x20002860   0x0000004a   Data   RW         1038    .data               ble_dis.o
    0x200028aa   0x00000002   PAD
    0x200028ac   0x00000024   Data   RW         1747    .data               pstorage.o
    0x200028d0   0x0000000c   Data   RW         1952    .data               nrf_drv_wdt.o
    0x200028dc   0x00000014   Data   RW         2165    .data               app_button.o
    0x200028f0   0x00000020   Data   RW         2301    .data               app_timer.o
    0x20002910   0x00000010   Data   RW         2464    .data               app_scheduler.o
    0x20002920   0x00000008   Data   RW         2507    .data               app_uart_fifo.o
    0x20002928   0x00000010   Data   RW         2571    .data               app_gpiote.o
    0x20002938   0x00000014   Data   RW         2650    .data               softdevice_handler.o
    0x2000294c   0x0000007c   Data   RW         2727    .data               segger_rtt.o
    0x200029c8   0x00000004   Data   RW         2898    .data               system_nrf51.o
    0x200029cc   0x0000004c   Zero   RW           14    .bss                advertiser_beacon_timeslot.o
    0x20002a18   0x00000020   Zero   RW          218    .bss                main.o
    0x20002a38   0x00000020   Zero   RW          219    .bss                main.o
    0x20002a58   0x0000055c   Zero   RW          220    .bss                main.o
    0x20002fb4   0x00000024   Zero   RW          575    .bss                flash_opt.o
    0x20002fd8   0x00000104   Zero   RW          638    .bss                user_drv_console.o
    0x200030dc   0x00000018   Zero   RW          728    .bss                scanner_beacon.o
    0x200030f4   0x00000020   Zero   RW          977    .bss                ble_conn_params.o
    0x20003114   0x0000001c   Zero   RW          978    .bss                ble_conn_params.o
    0x20003130   0x00000048   Zero   RW         1537    .bss                nrf_drv_gpiote.o
    0x20003178   0x000000d8   Zero   RW         1745    .bss                pstorage.o
    0x20003250   0x00000018   Zero   RW         2031    .bss                nrf_drv_uart.o
    0x20003268   0x00000020   Zero   RW         2163    .bss                app_button.o
    0x20003288   0x00000020   Zero   RW         2505    .bss                app_uart_fifo.o
    0x200032a8   0x00000400   Zero   RW         2724    .bss                segger_rtt.o
    0x200036a8   0x00000010   Zero   RW         2725    .bss                segger_rtt.o
    0x200036b8   0x0000003c   Zero   RW         2837    .bss                advertiser_ibeacon.o
    0x200036f4   0x00000004   PAD
    0x200036f8   0x00000800   Zero   RW         2886    STACK               arm_startup_nrf51.o


==============================================================================

Image component sizes


      Code (inc. data)   RO Data    RW Data    ZI Data      Debug   Object Name

       108         14          0          0         76      67648   advertiser_beacon_timeslot.o
       154          8          0          0         60       4142   advertiser_ibeacon.o
       328         34          8         20         32      13594   app_button.o
       122          0          0          0          0       5230   app_fifo.o
        64          4          0         16          0       8878   app_gpiote.o
       402         30         68         16          0       6347   app_scheduler.o
      1760        210          0         32          0      28483   app_timer.o
       416         42         32          8         32      10150   app_uart_fifo.o
        56         18        192          0       2048        756   arm_startup_nrf51.o
      1588          6          0          0          0      19716   ble_advdata.o
         0          0          0          0          0       6464   ble_bas.o
       460         58          4         20         60       8924   ble_conn_params.o
       644         32         67         74          0       7047   ble_dis.o
        18          0          0          0          0       1520   ble_srv_common.o
       116         78          0          0          0       3196   debug_utils.o
         0          0          0          0          0       1512   device_manager_peripheral.o
       636        338          0         12         36       7314   flash_opt.o
      2934        860         77         32       1436      98674   main.o
        58          4          0          0          0       1935   nrf_delay.o
        96         18          0          0          0       8524   nrf_drv_common.o
       960        128          0          0         72      22920   nrf_drv_gpiote.o
      1060        116         32          0         24      23764   nrf_drv_uart.o
       404        126         12         12          0      17396   nrf_drv_wdt.o
      2482        234         40         36        216      37267   pstorage.o
        84         12          0          0         24       2625   scanner_beacon.o
       144          4          9        124       1040       2646   segger_rtt.o
       908          4         16          0          0       7253   segger_rtt_printf.o
       276         34         90         20          0      11520   softdevice_handler.o
       156         26          0          4          0       2379   system_nrf51.o
      3260       1592          0         32        260      15092   user_drv_console.o

    ----------------------------------------------------------------------
     19718       4030        688        460       5420     452916   Object Totals
         0          0         32          0          0          0   (incl. Generated)
        24          0          9          2          4          0   (incl. Padding)

    ----------------------------------------------------------------------

      Code (inc. data)   RO Data    RW Data    ZI Data      Debug   Library Member Name

        86          0          0          0          0          0   __dczerorl2.o
         0          0          0          0          0          0   entry.o
         0          0          0          0          0          0   entry10a.o
         0          0          0          0          0          0   entry11a.o
         8          4          0          0          0          0   entry2.o
         4          0          0          0          0          0   entry5.o
         0          0          0          0          0          0   entry7b.o
         0          0          0          0          0          0   entry8b.o
         8          4          0          0          0          0   entry9a.o
        30          0          0          0          0          0   handlers.o
        40          0          0          0          0         72   idiv.o
        36          8          0          0          0         68   init.o
        32          0          0          0          0         68   llshl.o
        34          0          0          0          0         68   llushr.o
        26          0          0          0          0         72   memcmp.o
        64          0          0          0          0         68   memmovea.o
        36          0          0          0          0        100   memseta.o
        14          0          0          0          0         60   strlen.o
        44          0          0          0          0         72   uidiv.o
        96          0          0          0          0         84   uldiv.o

    ----------------------------------------------------------------------
       562         16          0          0          0        732   Library Totals
         4          0          0          0          0          0   (incl. Padding)

    ----------------------------------------------------------------------

      Code (inc. data)   RO Data    RW Data    ZI Data      Debug   Library Name

       558         16          0          0          0        732   mc_p.l

    ----------------------------------------------------------------------
       562         16          0          0          0        732   Library Totals

    ----------------------------------------------------------------------

==============================================================================


      Code (inc. data)   RO Data    RW Data    ZI Data      Debug   

     20280       4046        688        460       5420     445012   Grand Totals
     20280       4046        688         72       5420     445012   ELF Image Totals (compressed)
     20280       4046        688         72          0          0   ROM Totals

==============================================================================

    Total RO  Size (Code + RO Data)                20968 (  20.48kB)
    Total RW  Size (RW Data + ZI Data)              5880 (   5.74kB)
    Total ROM Size (Code + RO Data + RW Data)      21040 (  20.55kB)

==============================================================================

